01-Oct-2026 22:25:25.497 INFO [main] org.apache.catalina.startup.VersionLoggerListener.log Server version name:   Apache Tomcat/10.1.59
01-Oct-2026 22:25:25.507 INFO [main] org.apache.catalina.startup.VersionLoggerListener.log Server built:          Aug 13 2026 16:59:10 UTC
01-Oct-2026 22:25:25.508 INFO [main] org.apache.catalina.startup.VersionLoggerListener.log Server version number: 10.1.59.0
01-Oct-2026 22:25:25.509 INFO [main] org.apache.catalina.startup.VersionLoggerListener.log OS Name:               Windows 10
01-Oct-2026 22:25:25.509 INFO [main] org.apache.catalina.startup.VersionLoggerListener.log OS Version:            10.0
01-Oct-2026 22:25:25.509 INFO [main] org.apache.catalina.startup.VersionLoggerListener.log Architecture:          amd64
01-Oct-2026 22:25:25.510 INFO [main] org.apache.catalina.startup.VersionLoggerListener.log Java Home:             C:\Program Files\Java\jdk-17
01-Oct-2026 22:25:25.510 INFO [main] org.apache.catalina.startup.VersionLoggerListener.log JVM Version:           17.0.16+12-LTS-247
01-Oct-2026 22:25:25.511 INFO [main] org.apache.catalina.startup.VersionLoggerListener.log JVM Vendor:            Oracle Corporation
01-Oct-2026 22:25:25.511 INFO [main] org.apache.catalina.startup.VersionLoggerListener.log CATALINA_BASE:         D:\NtiJavaTech\springMVC\mvcAnnottation
01-Oct-2026 22:25:25.511 INFO [main] org.apache.catalina.startup.VersionLoggerListener.log CATALINA_HOME:         C:\Users\gamaleldeen\OneDrive\Documents\apache-tomcat-10.1.59
01-Oct-2026 22:25:25.523 INFO [main] org.apache.catalina.startup.VersionLoggerListener.log Command line argument: --add-opens=java.base/java.lang=ALL-UNNAMED
01-Oct-2026 22:25:25.523 INFO [main] org.apache.catalina.startup.VersionLoggerListener.log Command line argument: --add-opens=java.base/java.io=ALL-UNNAMED
01-Oct-2026 22:25:25.523 INFO [main] org.apache.catalina.startup.VersionLoggerListener.log Command line argument: --add-opens=java.base/java.util=ALL-UNNAMED
01-Oct-2026 22:25:25.523 INFO [main] org.apache.catalina.startup.VersionLoggerListener.log Command line argument: --add-opens=java.base/java.util.concurrent=ALL-UNNAMED
01-Oct-2026 22:25:25.524 INFO [main] org.apache.catalina.startup.VersionLoggerListener.log Command line argument: --add-opens=java.rmi/sun.rmi.transport=ALL-UNNAMED
01-Oct-2026 22:25:25.524 INFO [main] org.apache.catalina.startup.VersionLoggerListener.log Command line argument: -Dcatalina.home=C:\Users\gamaleldeen\OneDrive\Documents\apache-tomcat-10.1.59
01-Oct-2026 22:25:25.524 INFO [main] org.apache.catalina.startup.VersionLoggerListener.log Command line argument: -Dcatalina.base=D:\NtiJavaTech\springMVC\mvcAnnottation
01-Oct-2026 22:25:25.524 INFO [main] org.apache.catalina.startup.VersionLoggerListener.log Command line argument: -Djava.io.tmpdir=D:\NtiJavaTech\springMVC\mvcAnnottation\temp
01-Oct-2026 22:25:25.526 INFO [main] org.apache.catalina.startup.VersionLoggerListener.log Command line argument: -Djava.util.logging.config.file=D:\NtiJavaTech\springMVC\mvcAnnottation\conf\logging.properties
01-Oct-2026 22:25:25.526 INFO [main] org.apache.catalina.startup.VersionLoggerListener.log Command line argument: -Djava.util.logging.manager=org.apache.juli.ClassLoaderLogManager
01-Oct-2026 22:25:25.526 INFO [main] org.apache.catalina.startup.VersionLoggerListener.log Command line argument: -javaagent:C:\Program Files\JetBrains\IntelliJ IDEA Community Edition 2025.1.3\lib\idea_rt.jar=10639
01-Oct-2026 22:25:25.526 INFO [main] org.apache.catalina.startup.VersionLoggerListener.log Command line argument: -Dfile.encoding=UTF-8
01-Oct-2026 22:25:25.540 INFO [main] org.apache.catalina.core.AprLifecycleListener.lifecycleEvent Loaded Apache Tomcat Native library [2.0.15] using APR version [1.7.6].
01-Oct-2026 22:25:25.586 INFO [main] org.apache.catalina.core.AprLifecycleListener.initializeSSL OpenSSL successfully initialized [OpenSSL 3.5.7 9 Jun 2026]
01-Oct-2026 22:25:26.116 INFO [main] org.apache.coyote.AbstractProtocol.init Initializing ProtocolHandler ["http-nio-8080"]
01-Oct-2026 22:25:26.214 INFO [main] org.apache.catalina.startup.Catalina.load Server initialization in [1164] milliseconds
01-Oct-2026 22:25:26.298 INFO [main] org.apache.catalina.core.StandardService.startInternal Starting service [Catalina]
01-Oct-2026 22:25:26.299 INFO [main] org.apache.catalina.core.StandardEngine.startInternal Starting Servlet engine: [Apache Tomcat/10.1.59]
01-Oct-2026 22:25:26.322 INFO [main] org.apache.catalina.startup.HostConfig.deployDescriptor Deploying deployment descriptor [D:\NtiJavaTech\springMVC\mvcAnnottation\conf\Catalina\localhost\mvcAnnottation.xml]
01-Oct-2026 22:25:30.373 INFO [main] org.apache.jasper.servlet.TldScanner.scanJars At least one JAR was scanned for TLDs yet contained no TLDs. Enable debug logging for this logger for a complete list of JARs that were scanned but no TLDs were found in them. Skipping unneeded JARs during scanning can improve startup time and JSP compilation time.
01-Oct-2026 22:25:34.317 INFO [main] org.apache.catalina.startup.HostConfig.deployDescriptor Deployment of deployment descriptor [D:\NtiJavaTech\springMVC\mvcAnnottation\conf\Catalina\localhost\mvcAnnottation.xml] has finished in [7,992] ms
01-Oct-2026 22:25:34.328 INFO [main] org.apache.coyote.AbstractProtocol.start Starting ProtocolHandler ["http-nio-8080"]
01-Oct-2026 22:25:34.398 INFO [main] org.apache.catalina.startup.Catalina.start Server startup in [8183] milliseconds
01-Oct-2026 22:26:47.087 INFO [Thread-1] org.apache.coyote.AbstractProtocol.pause Pausing ProtocolHandler ["http-nio-8080"]
01-Oct-2026 22:26:47.257 INFO [Thread-1] org.apache.catalina.core.StandardService.stopInternal Stopping service [Catalina]
01-Oct-2026 22:26:47.299 INFO [Thread-1] org.apache.coyote.AbstractProtocol.stop Stopping ProtocolHandler ["http-nio-8080"]
01-Oct-2026 22:26:47.313 INFO [Thread-1] org.apache.coyote.AbstractProtocol.destroy Destroying ProtocolHandler ["http-nio-8080"]
01-Oct-2026 22:41:58.936 INFO [main] org.apache.catalina.startup.VersionLoggerListener.log Server version name:   Apache Tomcat/10.1.59
01-Oct-2026 22:41:58.944 INFO [main] org.apache.catalina.startup.VersionLoggerListener.log Server built:          Aug 13 2026 16:59:10 UTC
01-Oct-2026 22:41:58.944 INFO [main] org.apache.catalina.startup.VersionLoggerListener.log Server version number: 10.1.59.0
01-Oct-2026 22:41:58.945 INFO [main] org.apache.catalina.startup.VersionLoggerListener.log OS Name:               Windows 10
01-Oct-2026 22:41:58.945 INFO [main] org.apache.catalina.startup.VersionLoggerListener.log OS Version:            10.0
01-Oct-2026 22:41:58.945 INFO [main] org.apache.catalina.startup.VersionLoggerListener.log Architecture:          amd64
01-Oct-2026 22:41:58.945 INFO [main] org.apache.catalina.startup.VersionLoggerListener.log Java Home:             C:\Program Files\Java\jdk-17
01-Oct-2026 22:41:58.945 INFO [main] org.apache.catalina.startup.VersionLoggerListener.log JVM Version:           17.0.16+12-LTS-247
01-Oct-2026 22:41:58.945 INFO [main] org.apache.catalina.startup.VersionLoggerListener.log JVM Vendor:            Oracle Corporation
01-Oct-2026 22:41:58.946 INFO [main] org.apache.catalina.startup.VersionLoggerListener.log CATALINA_BASE:         D:\NtiJavaTech\springMVC\mvcAnnottation
01-Oct-2026 22:41:58.946 INFO [main] org.apache.catalina.startup.VersionLoggerListener.log CATALINA_HOME:         C:\Users\gamaleldeen\OneDrive\Documents\apache-tomcat-10.1.59
01-Oct-2026 22:41:58.958 INFO [main] org.apache.catalina.startup.VersionLoggerListener.log Command line argument: --add-opens=java.base/java.lang=ALL-UNNAMED
01-Oct-2026 22:41:58.958 INFO [main] org.apache.catalina.startup.VersionLoggerListener.log Command line argument: --add-opens=java.base/java.io=ALL-UNNAMED
01-Oct-2026 22:41:58.958 INFO [main] org.apache.catalina.startup.VersionLoggerListener.log Command line argument: --add-opens=java.base/java.util=ALL-UNNAMED
01-Oct-2026 22:41:58.958 INFO [main] org.apache.catalina.startup.VersionLoggerListener.log Command line argument: --add-opens=java.base/java.util.concurrent=ALL-UNNAMED
01-Oct-2026 22:41:58.958 INFO [main] org.apache.catalina.startup.VersionLoggerListener.log Command line argument: --add-opens=java.rmi/sun.rmi.transport=ALL-UNNAMED
01-Oct-2026 22:41:58.958 INFO [main] org.apache.catalina.startup.VersionLoggerListener.log Command line argument: -Dcatalina.home=C:\Users\gamaleldeen\OneDrive\Documents\apache-tomcat-10.1.59
01-Oct-2026 22:41:58.959 INFO [main] org.apache.catalina.startup.VersionLoggerListener.log Command line argument: -Dcatalina.base=D:\NtiJavaTech\springMVC\mvcAnnottation
01-Oct-2026 22:41:58.959 INFO [main] org.apache.catalina.startup.VersionLoggerListener.log Command line argument: -Djava.io.tmpdir=D:\NtiJavaTech\springMVC\mvcAnnottation\temp
01-Oct-2026 22:41:58.959 INFO [main] org.apache.catalina.startup.VersionLoggerListener.log Command line argument: -Djava.util.logging.config.file=D:\NtiJavaTech\springMVC\mvcAnnottation\conf\logging.properties
01-Oct-2026 22:41:58.959 INFO [main] org.apache.catalina.startup.VersionLoggerListener.log Command line argument: -Djava.util.logging.manager=org.apache.juli.ClassLoaderLogManager
01-Oct-2026 22:41:58.959 INFO [main] org.apache.catalina.startup.VersionLoggerListener.log Command line argument: -javaagent:C:\Program Files\JetBrains\IntelliJ IDEA Community Edition 2025.1.3\lib\idea_rt.jar=10707
01-Oct-2026 22:41:58.959 INFO [main] org.apache.catalina.startup.VersionLoggerListener.log Command line argument: -Dfile.encoding=UTF-8
01-Oct-2026 22:41:58.974 INFO [main] org.apache.catalina.core.AprLifecycleListener.lifecycleEvent Loaded Apache Tomcat Native library [2.0.15] using APR version [1.7.6].
01-Oct-2026 22:41:59.021 INFO [main] org.apache.catalina.core.AprLifecycleListener.initializeSSL OpenSSL successfully initialized [OpenSSL 3.5.7 9 Jun 2026]
01-Oct-2026 22:41:59.521 INFO [main] org.apache.coyote.AbstractProtocol.init Initializing ProtocolHandler ["http-nio-8080"]
01-Oct-2026 22:41:59.554 INFO [main] org.apache.catalina.startup.Catalina.load Server initialization in [998] milliseconds
01-Oct-2026 22:41:59.637 INFO [main] org.apache.catalina.core.StandardService.startInternal Starting service [Catalina]
01-Oct-2026 22:41:59.637 INFO [main] org.apache.catalina.core.StandardEngine.startInternal Starting Servlet engine: [Apache Tomcat/10.1.59]
01-Oct-2026 22:41:59.658 INFO [main] org.apache.catalina.startup.HostConfig.deployDescriptor Deploying deployment descriptor [D:\NtiJavaTech\springMVC\mvcAnnottation\conf\Catalina\localhost\mvcAnnottation.xml]
01-Oct-2026 22:42:04.334 INFO [main] org.apache.jasper.servlet.TldScanner.scanJars At least one JAR was scanned for TLDs yet contained no TLDs. Enable debug logging for this logger for a complete list of JARs that were scanned but no TLDs were found in them. Skipping unneeded JARs during scanning can improve startup time and JSP compilation time.
01-Oct-2026 22:42:08.231 INFO [main] org.apache.catalina.startup.HostConfig.deployDescriptor Deployment of deployment descriptor [D:\NtiJavaTech\springMVC\mvcAnnottation\conf\Catalina\localhost\mvcAnnottation.xml] has finished in [8,572] ms
01-Oct-2026 22:42:08.235 INFO [main] org.apache.coyote.AbstractProtocol.start Starting ProtocolHandler ["http-nio-8080"]
01-Oct-2026 22:42:08.278 INFO [main] org.apache.catalina.startup.Catalina.start Server startup in [8723] milliseconds
01-Oct-2026 22:43:30.317 INFO [Thread-1] org.apache.coyote.AbstractProtocol.pause Pausing ProtocolHandler ["http-nio-8080"]
01-Oct-2026 22:43:30.495 INFO [Thread-1] org.apache.catalina.core.StandardService.stopInternal Stopping service [Catalina]
01-Oct-2026 22:43:30.530 INFO [Thread-1] org.apache.coyote.AbstractProtocol.stop Stopping ProtocolHandler ["http-nio-8080"]
01-Oct-2026 22:43:30.596 INFO [Thread-1] org.apache.coyote.AbstractProtocol.destroy Destroying ProtocolHandler ["http-nio-8080"]
01-Oct-2026 23:39:46.128 INFO [main] org.apache.catalina.startup.VersionLoggerListener.log Server version name:   Apache Tomcat/10.1.59
01-Oct-2026 23:39:46.137 INFO [main] org.apache.catalina.startup.VersionLoggerListener.log Server built:          Aug 13 2026 16:59:10 UTC
01-Oct-2026 23:39:46.138 INFO [main] org.apache.catalina.startup.VersionLoggerListener.log Server version number: 10.1.59.0
01-Oct-2026 23:39:46.139 INFO [main] org.apache.catalina.startup.VersionLoggerListener.log OS Name:               Windows 10
01-Oct-2026 23:39:46.139 INFO [main] org.apache.catalina.startup.VersionLoggerListener.log OS Version:            10.0
01-Oct-2026 23:39:46.139 INFO [main] org.apache.catalina.startup.VersionLoggerListener.log Architecture:          amd64
01-Oct-2026 23:39:46.139 INFO [main] org.apache.catalina.startup.VersionLoggerListener.log Java Home:             C:\Program Files\Java\jdk-17
01-Oct-2026 23:39:46.139 INFO [main] org.apache.catalina.startup.VersionLoggerListener.log JVM Version:           17.0.16+12-LTS-247
01-Oct-2026 23:39:46.139 INFO [main] org.apache.catalina.startup.VersionLoggerListener.log JVM Vendor:            Oracle Corporation
01-Oct-2026 23:39:46.140 INFO [main] org.apache.catalina.startup.VersionLoggerListener.log CATALINA_BASE:         D:\SpringAOP&MVC&Boot\MVC\mvcAnnottation
01-Oct-2026 23:39:46.140 INFO [main] org.apache.catalina.startup.VersionLoggerListener.log CATALINA_HOME:         C:\Users\gamaleldeen\OneDrive\Documents\apache-tomcat-10.1.59
01-Oct-2026 23:39:46.156 INFO [main] org.apache.catalina.startup.VersionLoggerListener.log Command line argument: --add-opens=java.base/java.lang=ALL-UNNAMED
01-Oct-2026 23:39:46.156 INFO [main] org.apache.catalina.startup.VersionLoggerListener.log Command line argument: --add-opens=java.base/java.io=ALL-UNNAMED
01-Oct-2026 23:39:46.157 INFO [main] org.apache.catalina.startup.VersionLoggerListener.log Command line argument: --add-opens=java.base/java.util=ALL-UNNAMED
01-Oct-2026 23:39:46.157 INFO [main] org.apache.catalina.startup.VersionLoggerListener.log Command line argument: --add-opens=java.base/java.util.concurrent=ALL-UNNAMED
01-Oct-2026 23:39:46.157 INFO [main] org.apache.catalina.startup.VersionLoggerListener.log Command line argument: --add-opens=java.rmi/sun.rmi.transport=ALL-UNNAMED
01-Oct-2026 23:39:46.157 INFO [main] org.apache.catalina.startup.VersionLoggerListener.log Command line argument: -Dcatalina.home=C:\Users\gamaleldeen\OneDrive\Documents\apache-tomcat-10.1.59
01-Oct-2026 23:39:46.157 INFO [main] org.apache.catalina.startup.VersionLoggerListener.log Command line argument: -Dcatalina.base=D:\SpringAOP&MVC&Boot\MVC\mvcAnnottation
01-Oct-2026 23:39:46.157 INFO [main] org.apache.catalina.startup.VersionLoggerListener.log Command line argument: -Djava.io.tmpdir=D:\SpringAOP&MVC&Boot\MVC\mvcAnnottation\temp
01-Oct-2026 23:39:46.158 INFO [main] org.apache.catalina.startup.VersionLoggerListener.log Command line argument: -Djava.util.logging.config.file=D:\SpringAOP&MVC&Boot\MVC\mvcAnnottation\conf\logging.properties
01-Oct-2026 23:39:46.158 INFO [main] org.apache.catalina.startup.VersionLoggerListener.log Command line argument: -Djava.util.logging.manager=org.apache.juli.ClassLoaderLogManager
01-Oct-2026 23:39:46.158 INFO [main] org.apache.catalina.startup.VersionLoggerListener.log Command line argument: -javaagent:C:\Program Files\JetBrains\IntelliJ IDEA Community Edition 2025.1.3\lib\idea_rt.jar=11012
01-Oct-2026 23:39:46.158 INFO [main] org.apache.catalina.startup.VersionLoggerListener.log Command line argument: -Dfile.encoding=UTF-8
01-Oct-2026 23:39:46.164 INFO [main] org.apache.catalina.core.AprLifecycleListener.lifecycleEvent Loaded Apache Tomcat Native library [2.0.15] using APR version [1.7.6].
01-Oct-2026 23:39:46.173 INFO [main] org.apache.catalina.core.AprLifecycleListener.initializeSSL OpenSSL successfully initialized [OpenSSL 3.5.7 9 Jun 2026]
01-Oct-2026 23:39:46.679 INFO [main] org.apache.coyote.AbstractProtocol.init Initializing ProtocolHandler ["http-nio-8080"]
01-Oct-2026 23:39:46.717 INFO [main] org.apache.catalina.startup.Catalina.load Server initialization in [1153] milliseconds
01-Oct-2026 23:39:46.799 INFO [main] org.apache.catalina.core.StandardService.startInternal Starting service [Catalina]
01-Oct-2026 23:39:46.800 INFO [main] org.apache.catalina.core.StandardEngine.startInternal Starting Servlet engine: [Apache Tomcat/10.1.59]
01-Oct-2026 23:39:46.818 INFO [main] org.apache.catalina.startup.HostConfig.deployDescriptor Deploying deployment descriptor [D:\SpringAOP&MVC&Boot\MVC\mvcAnnottation\conf\Catalina\localhost\mvcAnnottation.xml]
01-Oct-2026 23:39:51.052 INFO [main] org.apache.jasper.servlet.TldScanner.scanJars At least one JAR was scanned for TLDs yet contained no TLDs. Enable debug logging for this logger for a complete list of JARs that were scanned but no TLDs were found in them. Skipping unneeded JARs during scanning can improve startup time and JSP compilation time.
01-Oct-2026 23:39:51.441 INFO [main] org.apache.catalina.startup.HostConfig.deployDescriptor Deployment of deployment descriptor [D:\SpringAOP&MVC&Boot\MVC\mvcAnnottation\conf\Catalina\localhost\mvcAnnottation.xml] has finished in [4,622] ms
01-Oct-2026 23:39:51.446 INFO [main] org.apache.coyote.AbstractProtocol.start Starting ProtocolHandler ["http-nio-8080"]
01-Oct-2026 23:39:51.510 INFO [main] org.apache.catalina.startup.Catalina.start Server startup in [4792] milliseconds
01-Oct-2026 23:40:46.752 INFO [Thread-1] org.apache.coyote.AbstractProtocol.pause Pausing ProtocolHandler ["http-nio-8080"]
01-Oct-2026 23:40:46.939 INFO [Thread-1] org.apache.catalina.core.StandardService.stopInternal Stopping service [Catalina]
01-Oct-2026 23:40:47.003 INFO [Thread-1] org.apache.coyote.AbstractProtocol.stop Stopping ProtocolHandler ["http-nio-8080"]
01-Oct-2026 23:40:47.015 INFO [Thread-1] org.apache.coyote.AbstractProtocol.destroy Destroying ProtocolHandler ["http-nio-8080"]
01-Oct-2026 23:40:50.000 INFO [main] org.apache.catalina.startup.VersionLoggerListener.log Server version name:   Apache Tomcat/10.1.59
01-Oct-2026 23:40:50.013 INFO [main] org.apache.catalina.startup.VersionLoggerListener.log Server built:          Aug 13 2026 16:59:10 UTC
01-Oct-2026 23:40:50.013 INFO [main] org.apache.catalina.startup.VersionLoggerListener.log Server version number: 10.1.59.0
01-Oct-2026 23:40:50.014 INFO [main] org.apache.catalina.startup.VersionLoggerListener.log OS Name:               Windows 10
01-Oct-2026 23:40:50.014 INFO [main] org.apache.catalina.startup.VersionLoggerListener.log OS Version:            10.0
01-Oct-2026 23:40:50.015 INFO [main] org.apache.catalina.startup.VersionLoggerListener.log Architecture:          amd64
01-Oct-2026 23:40:50.015 INFO [main] org.apache.catalina.startup.VersionLoggerListener.log Java Home:             C:\Program Files\Java\jdk-17
01-Oct-2026 23:40:50.016 INFO [main] org.apache.catalina.startup.VersionLoggerListener.log JVM Version:           17.0.16+12-LTS-247
01-Oct-2026 23:40:50.016 INFO [main] org.apache.catalina.startup.VersionLoggerListener.log JVM Vendor:            Oracle Corporation
01-Oct-2026 23:40:50.016 INFO [main] org.apache.catalina.startup.VersionLoggerListener.log CATALINA_BASE:         D:\SpringAOP&MVC&Boot\MVC\mvcAnnottation
01-Oct-2026 23:40:50.016 INFO [main] org.apache.catalina.startup.VersionLoggerListener.log CATALINA_HOME:         C:\Users\gamaleldeen\OneDrive\Documents\apache-tomcat-10.1.59
01-Oct-2026 23:40:50.033 INFO [main] org.apache.catalina.startup.VersionLoggerListener.log Command line argument: --add-opens=java.base/java.lang=ALL-UNNAMED
01-Oct-2026 23:40:50.033 INFO [main] org.apache.catalina.startup.VersionLoggerListener.log Command line argument: --add-opens=java.base/java.io=ALL-UNNAMED
01-Oct-2026 23:40:50.033 INFO [main] org.apache.catalina.startup.VersionLoggerListener.log Command line argument: --add-opens=java.base/java.util=ALL-UNNAMED
01-Oct-2026 23:40:50.033 INFO [main] org.apache.catalina.startup.VersionLoggerListener.log Command line argument: --add-opens=java.base/java.util.concurrent=ALL-UNNAMED
01-Oct-2026 23:40:50.034 INFO [main] org.apache.catalina.startup.VersionLoggerListener.log Command line argument: --add-opens=java.rmi/sun.rmi.transport=ALL-UNNAMED
01-Oct-2026 23:40:50.034 INFO [main] org.apache.catalina.startup.VersionLoggerListener.log Command line argument: -Dcatalina.home=C:\Users\gamaleldeen\OneDrive\Documents\apache-tomcat-10.1.59
01-Oct-2026 23:40:50.034 INFO [main] org.apache.catalina.startup.VersionLoggerListener.log Command line argument: -Dcatalina.base=D:\SpringAOP&MVC&Boot\MVC\mvcAnnottation
01-Oct-2026 23:40:50.034 INFO [main] org.apache.catalina.startup.VersionLoggerListener.log Command line argument: -Djava.io.tmpdir=D:\SpringAOP&MVC&Boot\MVC\mvcAnnottation\temp
01-Oct-2026 23:40:50.034 INFO [main] org.apache.catalina.startup.VersionLoggerListener.log Command line argument: -Djava.util.logging.config.file=D:\SpringAOP&MVC&Boot\MVC\mvcAnnottation\conf\logging.properties
01-Oct-2026 23:40:50.034 INFO [main] org.apache.catalina.startup.VersionLoggerListener.log Command line argument: -Djava.util.logging.manager=org.apache.juli.ClassLoaderLogManager
01-Oct-2026 23:40:50.034 INFO [main] org.apache.catalina.startup.VersionLoggerListener.log Command line argument: -javaagent:C:\Program Files\JetBrains\IntelliJ IDEA Community Edition 2025.1.3\lib\idea_rt.jar=11019
01-Oct-2026 23:40:50.034 INFO [main] org.apache.catalina.startup.VersionLoggerListener.log Command line argument: -Dfile.encoding=UTF-8
01-Oct-2026 23:40:50.040 INFO [main] org.apache.catalina.core.AprLifecycleListener.lifecycleEvent Loaded Apache Tomcat Native library [2.0.15] using APR version [1.7.6].
01-Oct-2026 23:40:50.049 INFO [main] org.apache.catalina.core.AprLifecycleListener.initializeSSL OpenSSL successfully initialized [OpenSSL 3.5.7 9 Jun 2026]
01-Oct-2026 23:40:50.535 INFO [main] org.apache.coyote.AbstractProtocol.init Initializing ProtocolHandler ["http-nio-8080"]
01-Oct-2026 23:40:50.562 INFO [main] org.apache.catalina.startup.Catalina.load Server initialization in [906] milliseconds
01-Oct-2026 23:40:50.630 INFO [main] org.apache.catalina.core.StandardService.startInternal Starting service [Catalina]
01-Oct-2026 23:40:50.630 INFO [main] org.apache.catalina.core.StandardEngine.startInternal Starting Servlet engine: [Apache Tomcat/10.1.59]
01-Oct-2026 23:40:50.648 INFO [main] org.apache.catalina.startup.HostConfig.deployDescriptor Deploying deployment descriptor [D:\SpringAOP&MVC&Boot\MVC\mvcAnnottation\conf\Catalina\localhost\mvcAnnottation.xml]
01-Oct-2026 23:40:50.692 WARNING [main] org.apache.catalina.startup.HostConfig.deployDescriptor A docBase [D:\SpringAOP&MVC&Boot\MVC\mvcAnnottation\webapps] inside the host appBase has been specified, and will be ignored
01-Oct-2026 23:40:50.803 SEVERE [main] org.apache.catalina.startup.HostConfig.deployDescriptor Error deploying deployment descriptor [D:\SpringAOP&MVC&Boot\MVC\mvcAnnottation\conf\Catalina\localhost\mvcAnnottation.xml]
	java.lang.IllegalStateException: Error starting child
		at org.apache.catalina.core.ContainerBase.addChildInternal(ContainerBase.java:619)
		at org.apache.catalina.core.ContainerBase.addChild(ContainerBase.java:588)
		at org.apache.catalina.core.StandardHost.addChild(StandardHost.java:679)
		at org.apache.catalina.startup.HostConfig.deployDescriptor(HostConfig.java:668)
		at org.apache.catalina.startup.HostConfig$DeployDescriptor.run(HostConfig.java:1912)
		at java.base/java.util.concurrent.Executors$RunnableAdapter.call(Executors.java:539)
		at java.base/java.util.concurrent.FutureTask.run(FutureTask.java:264)
		at org.apache.tomcat.util.threads.InlineExecutorService.execute(InlineExecutorService.java:92)
		at java.base/java.util.concurrent.AbstractExecutorService.submit(AbstractExecutorService.java:123)
		at org.apache.catalina.startup.HostConfig.deployDescriptors(HostConfig.java:556)
		at org.apache.catalina.startup.HostConfig.deployApps(HostConfig.java:447)
		at org.apache.catalina.startup.HostConfig.start(HostConfig.java:1646)
		at org.apache.catalina.startup.HostConfig.lifecycleEvent(HostConfig.java:324)
		at org.apache.catalina.util.LifecycleBase.fireLifecycleEvent(LifecycleBase.java:115)
		at org.apache.catalina.util.LifecycleBase.setStateInternal(LifecycleBase.java:395)
		at org.apache.catalina.util.LifecycleBase.setState(LifecycleBase.java:342)
		at org.apache.catalina.core.ContainerBase.startInternal(ContainerBase.java:792)
		at org.apache.catalina.core.StandardHost.startInternal(StandardHost.java:797)
		at org.apache.catalina.util.LifecycleBase.start(LifecycleBase.java:170)
		at org.apache.catalina.core.ContainerBase$StartChild.call(ContainerBase.java:1243)
		at org.apache.catalina.core.ContainerBase$StartChild.call(ContainerBase.java:1233)
		at java.base/java.util.concurrent.FutureTask.run(FutureTask.java:264)
		at org.apache.tomcat.util.threads.InlineExecutorService.execute(InlineExecutorService.java:92)
		at java.base/java.util.concurrent.AbstractExecutorService.submit(AbstractExecutorService.java:145)
		at org.apache.catalina.core.ContainerBase.startInternal(ContainerBase.java:765)
		at org.apache.catalina.core.StandardEngine.startInternal(StandardEngine.java:201)
		at org.apache.catalina.util.LifecycleBase.start(LifecycleBase.java:170)
		at org.apache.catalina.core.StandardService.startInternal(StandardService.java:433)
		at org.apache.catalina.util.LifecycleBase.start(LifecycleBase.java:170)
		at org.apache.catalina.core.StandardServer.startInternal(StandardServer.java:875)
		at org.apache.catalina.util.LifecycleBase.start(LifecycleBase.java:170)
		at org.apache.catalina.startup.Catalina.start(Catalina.java:885)
		at java.base/jdk.internal.reflect.NativeMethodAccessorImpl.invoke0(Native Method)
		at java.base/jdk.internal.reflect.NativeMethodAccessorImpl.invoke(NativeMethodAccessorImpl.java:77)
		at java.base/jdk.internal.reflect.DelegatingMethodAccessorImpl.invoke(DelegatingMethodAccessorImpl.java:43)
		at java.base/java.lang.reflect.Method.invoke(Method.java:568)
		at org.apache.catalina.startup.Bootstrap.start(Bootstrap.java:348)
		at org.apache.catalina.startup.Bootstrap.main(Bootstrap.java:485)
	Caused by: org.apache.catalina.LifecycleException: Failed to start component [org.apache.catalina.webresources.StandardRoot@51bf5add]
		at org.apache.catalina.util.LifecycleBase.handleSubClassException(LifecycleBase.java:410)
		at org.apache.catalina.util.LifecycleBase.start(LifecycleBase.java:185)
		at org.apache.catalina.core.StandardContext.resourcesStart(StandardContext.java:4336)
		at org.apache.catalina.core.StandardContext.startInternal(StandardContext.java:4458)
		at org.apache.catalina.util.LifecycleBase.start(LifecycleBase.java:170)
		at org.apache.catalina.core.ContainerBase.addChildInternal(ContainerBase.java:616)
		... 37 more
	Caused by: java.lang.IllegalArgumentException: The main resource set specified [D:\SpringAOP&MVC&Boot\MVC\mvcAnnottation\webapps\mvcAnnottation] is not a directory or war file, or is not readable (it does not exist or permissions to access it are missing)
		at org.apache.catalina.webresources.StandardRoot.createMainResourceSet(StandardRoot.java:822)
		at org.apache.catalina.webresources.StandardRoot.startInternal(StandardRoot.java:774)
		at org.apache.catalina.util.LifecycleBase.start(LifecycleBase.java:170)
		... 41 more
01-Oct-2026 23:40:50.814 INFO [main] org.apache.catalina.startup.HostConfig.deployDescriptor Deployment of deployment descriptor [D:\SpringAOP&MVC&Boot\MVC\mvcAnnottation\conf\Catalina\localhost\mvcAnnottation.xml] has finished in [165] ms
01-Oct-2026 23:40:50.820 INFO [main] org.apache.coyote.AbstractProtocol.start Starting ProtocolHandler ["http-nio-8080"]
01-Oct-2026 23:40:50.941 INFO [main] org.apache.catalina.startup.Catalina.start Server startup in [378] milliseconds
01-Oct-2026 23:41:21.665 INFO [Thread-1] org.apache.coyote.AbstractProtocol.pause Pausing ProtocolHandler ["http-nio-8080"]
01-Oct-2026 23:41:21.848 INFO [Thread-1] org.apache.catalina.core.StandardService.stopInternal Stopping service [Catalina]
01-Oct-2026 23:41:21.849 INFO [Thread-1] org.apache.coyote.AbstractProtocol.stop Stopping ProtocolHandler ["http-nio-8080"]
01-Oct-2026 23:41:21.853 INFO [Thread-1] org.apache.coyote.AbstractProtocol.destroy Destroying ProtocolHandler ["http-nio-8080"]
01-Oct-2026 23:42:02.020 INFO [main] org.apache.catalina.startup.VersionLoggerListener.log Server version name:   Apache Tomcat/10.1.59
01-Oct-2026 23:42:02.026 INFO [main] org.apache.catalina.startup.VersionLoggerListener.log Server built:          Aug 13 2026 16:59:10 UTC
01-Oct-2026 23:42:02.027 INFO [main] org.apache.catalina.startup.VersionLoggerListener.log Server version number: 10.1.59.0
01-Oct-2026 23:42:02.027 INFO [main] org.apache.catalina.startup.VersionLoggerListener.log OS Name:               Windows 10
01-Oct-2026 23:42:02.028 INFO [main] org.apache.catalina.startup.VersionLoggerListener.log OS Version:            10.0
01-Oct-2026 23:42:02.028 INFO [main] org.apache.catalina.startup.VersionLoggerListener.log Architecture:          amd64
01-Oct-2026 23:42:02.028 INFO [main] org.apache.catalina.startup.VersionLoggerListener.log Java Home:             C:\Program Files\Java\jdk-17
01-Oct-2026 23:42:02.029 INFO [main] org.apache.catalina.startup.VersionLoggerListener.log JVM Version:           17.0.16+12-LTS-247
01-Oct-2026 23:42:02.029 INFO [main] org.apache.catalina.startup.VersionLoggerListener.log JVM Vendor:            Oracle Corporation
01-Oct-2026 23:42:02.029 INFO [main] org.apache.catalina.startup.VersionLoggerListener.log CATALINA_BASE:         D:\SpringAOP&MVC&Boot\MVC\mvcAnnottation
01-Oct-2026 23:42:02.029 INFO [main] org.apache.catalina.startup.VersionLoggerListener.log CATALINA_HOME:         C:\Users\gamaleldeen\OneDrive\Documents\apache-tomcat-10.1.59
01-Oct-2026 23:42:02.045 INFO [main] org.apache.catalina.startup.VersionLoggerListener.log Command line argument: --add-opens=java.base/java.lang=ALL-UNNAMED
01-Oct-2026 23:42:02.045 INFO [main] org.apache.catalina.startup.VersionLoggerListener.log Command line argument: --add-opens=java.base/java.io=ALL-UNNAMED
01-Oct-2026 23:42:02.045 INFO [main] org.apache.catalina.startup.VersionLoggerListener.log Command line argument: --add-opens=java.base/java.util=ALL-UNNAMED
01-Oct-2026 23:42:02.046 INFO [main] org.apache.catalina.startup.VersionLoggerListener.log Command line argument: --add-opens=java.base/java.util.concurrent=ALL-UNNAMED
01-Oct-2026 23:42:02.046 INFO [main] org.apache.catalina.startup.VersionLoggerListener.log Command line argument: --add-opens=java.rmi/sun.rmi.transport=ALL-UNNAMED
01-Oct-2026 23:42:02.046 INFO [main] org.apache.catalina.startup.VersionLoggerListener.log Command line argument: -Dcatalina.home=C:\Users\gamaleldeen\OneDrive\Documents\apache-tomcat-10.1.59
01-Oct-2026 23:42:02.046 INFO [main] org.apache.catalina.startup.VersionLoggerListener.log Command line argument: -Dcatalina.base=D:\SpringAOP&MVC&Boot\MVC\mvcAnnottation
01-Oct-2026 23:42:02.046 INFO [main] org.apache.catalina.startup.VersionLoggerListener.log Command line argument: -Djava.io.tmpdir=D:\SpringAOP&MVC&Boot\MVC\mvcAnnottation\temp
01-Oct-2026 23:42:02.046 INFO [main] org.apache.catalina.startup.VersionLoggerListener.log Command line argument: -Djava.util.logging.config.file=D:\SpringAOP&MVC&Boot\MVC\mvcAnnottation\conf\logging.properties
01-Oct-2026 23:42:02.047 INFO [main] org.apache.catalina.startup.VersionLoggerListener.log Command line argument: -Djava.util.logging.manager=org.apache.juli.ClassLoaderLogManager
01-Oct-2026 23:42:02.047 INFO [main] org.apache.catalina.startup.VersionLoggerListener.log Command line argument: -javaagent:C:\Program Files\JetBrains\IntelliJ IDEA Community Edition 2025.1.3\lib\idea_rt.jar=11033
01-Oct-2026 23:42:02.047 INFO [main] org.apache.catalina.startup.VersionLoggerListener.log Command line argument: -Dfile.encoding=UTF-8
01-Oct-2026 23:42:02.053 INFO [main] org.apache.catalina.core.AprLifecycleListener.lifecycleEvent Loaded Apache Tomcat Native library [2.0.15] using APR version [1.7.6].
01-Oct-2026 23:42:02.061 INFO [main] org.apache.catalina.core.AprLifecycleListener.initializeSSL OpenSSL successfully initialized [OpenSSL 3.5.7 9 Jun 2026]
01-Oct-2026 23:42:02.506 INFO [main] org.apache.coyote.AbstractProtocol.init Initializing ProtocolHandler ["http-nio-8080"]
01-Oct-2026 23:42:02.539 INFO [main] org.apache.catalina.startup.Catalina.load Server initialization in [886] milliseconds
01-Oct-2026 23:42:02.609 INFO [main] org.apache.catalina.core.StandardService.startInternal Starting service [Catalina]
01-Oct-2026 23:42:02.609 INFO [main] org.apache.catalina.core.StandardEngine.startInternal Starting Servlet engine: [Apache Tomcat/10.1.59]
01-Oct-2026 23:42:02.630 INFO [main] org.apache.catalina.startup.HostConfig.deployDescriptor Deploying deployment descriptor [D:\SpringAOP&MVC&Boot\MVC\mvcAnnottation\conf\Catalina\localhost\mvcAnnottation.xml]
01-Oct-2026 23:42:02.683 WARNING [main] org.apache.catalina.startup.HostConfig.deployDescriptor A docBase [D:\SpringAOP&MVC&Boot\MVC\mvcAnnottation\webapps] inside the host appBase has been specified, and will be ignored
01-Oct-2026 23:42:02.821 SEVERE [main] org.apache.catalina.startup.HostConfig.deployDescriptor Error deploying deployment descriptor [D:\SpringAOP&MVC&Boot\MVC\mvcAnnottation\conf\Catalina\localhost\mvcAnnottation.xml]
	java.lang.IllegalStateException: Error starting child
		at org.apache.catalina.core.ContainerBase.addChildInternal(ContainerBase.java:619)
		at org.apache.catalina.core.ContainerBase.addChild(ContainerBase.java:588)
		at org.apache.catalina.core.StandardHost.addChild(StandardHost.java:679)
		at org.apache.catalina.startup.HostConfig.deployDescriptor(HostConfig.java:668)
		at org.apache.catalina.startup.HostConfig$DeployDescriptor.run(HostConfig.java:1912)
		at java.base/java.util.concurrent.Executors$RunnableAdapter.call(Executors.java:539)
		at java.base/java.util.concurrent.FutureTask.run(FutureTask.java:264)
		at org.apache.tomcat.util.threads.InlineExecutorService.execute(InlineExecutorService.java:92)
		at java.base/java.util.concurrent.AbstractExecutorService.submit(AbstractExecutorService.java:123)
		at org.apache.catalina.startup.HostConfig.deployDescriptors(HostConfig.java:556)
		at org.apache.catalina.startup.HostConfig.deployApps(HostConfig.java:447)
		at org.apache.catalina.startup.HostConfig.start(HostConfig.java:1646)
		at org.apache.catalina.startup.HostConfig.lifecycleEvent(HostConfig.java:324)
		at org.apache.catalina.util.LifecycleBase.fireLifecycleEvent(LifecycleBase.java:115)
		at org.apache.catalina.util.LifecycleBase.setStateInternal(LifecycleBase.java:395)
		at org.apache.catalina.util.LifecycleBase.setState(LifecycleBase.java:342)
		at org.apache.catalina.core.ContainerBase.startInternal(ContainerBase.java:792)
		at org.apache.catalina.core.StandardHost.startInternal(StandardHost.java:797)
		at org.apache.catalina.util.LifecycleBase.start(LifecycleBase.java:170)
		at org.apache.catalina.core.ContainerBase$StartChild.call(ContainerBase.java:1243)
		at org.apache.catalina.core.ContainerBase$StartChild.call(ContainerBase.java:1233)
		at java.base/java.util.concurrent.FutureTask.run(FutureTask.java:264)
		at org.apache.tomcat.util.threads.InlineExecutorService.execute(InlineExecutorService.java:92)
		at java.base/java.util.concurrent.AbstractExecutorService.submit(AbstractExecutorService.java:145)
		at org.apache.catalina.core.ContainerBase.startInternal(ContainerBase.java:765)
		at org.apache.catalina.core.StandardEngine.startInternal(StandardEngine.java:201)
		at org.apache.catalina.util.LifecycleBase.start(LifecycleBase.java:170)
		at org.apache.catalina.core.StandardService.startInternal(StandardService.java:433)
		at org.apache.catalina.util.LifecycleBase.start(LifecycleBase.java:170)
		at org.apache.catalina.core.StandardServer.startInternal(StandardServer.java:875)
		at org.apache.catalina.util.LifecycleBase.start(LifecycleBase.java:170)
		at org.apache.catalina.startup.Catalina.start(Catalina.java:885)
		at java.base/jdk.internal.reflect.NativeMethodAccessorImpl.invoke0(Native Method)
		at java.base/jdk.internal.reflect.NativeMethodAccessorImpl.invoke(NativeMethodAccessorImpl.java:77)
		at java.base/jdk.internal.reflect.DelegatingMethodAccessorImpl.invoke(DelegatingMethodAccessorImpl.java:43)
		at java.base/java.lang.reflect.Method.invoke(Method.java:568)
		at org.apache.catalina.startup.Bootstrap.start(Bootstrap.java:348)
		at org.apache.catalina.startup.Bootstrap.main(Bootstrap.java:485)
	Caused by: org.apache.catalina.LifecycleException: Failed to start component [org.apache.catalina.webresources.StandardRoot@34129c78]
		at org.apache.catalina.util.LifecycleBase.handleSubClassException(LifecycleBase.java:410)
		at org.apache.catalina.util.LifecycleBase.start(LifecycleBase.java:185)
		at org.apache.catalina.core.StandardContext.resourcesStart(StandardContext.java:4336)
		at org.apache.catalina.core.StandardContext.startInternal(StandardContext.java:4458)
		at org.apache.catalina.util.LifecycleBase.start(LifecycleBase.java:170)
		at org.apache.catalina.core.ContainerBase.addChildInternal(ContainerBase.java:616)
		... 37 more
	Caused by: java.lang.IllegalArgumentException: The main resource set specified [D:\SpringAOP&MVC&Boot\MVC\mvcAnnottation\webapps\mvcAnnottation] is not a directory or war file, or is not readable (it does not exist or permissions to access it are missing)
		at org.apache.catalina.webresources.StandardRoot.createMainResourceSet(StandardRoot.java:822)
		at org.apache.catalina.webresources.StandardRoot.startInternal(StandardRoot.java:774)
		at org.apache.catalina.util.LifecycleBase.start(LifecycleBase.java:170)
		... 41 more
01-Oct-2026 23:42:02.829 INFO [main] org.apache.catalina.startup.HostConfig.deployDescriptor Deployment of deployment descriptor [D:\SpringAOP&MVC&Boot\MVC\mvcAnnottation\conf\Catalina\localhost\mvcAnnottation.xml] has finished in [200] ms
01-Oct-2026 23:42:02.836 INFO [main] org.apache.coyote.AbstractProtocol.start Starting ProtocolHandler ["http-nio-8080"]
01-Oct-2026 23:42:02.952 INFO [main] org.apache.catalina.startup.Catalina.start Server startup in [412] milliseconds
01-Oct-2026 23:42:17.250 INFO [Thread-1] org.apache.coyote.AbstractProtocol.pause Pausing ProtocolHandler ["http-nio-8080"]
01-Oct-2026 23:42:17.425 INFO [Thread-1] org.apache.catalina.core.StandardService.stopInternal Stopping service [Catalina]
01-Oct-2026 23:42:17.427 INFO [Thread-1] org.apache.coyote.AbstractProtocol.stop Stopping ProtocolHandler ["http-nio-8080"]
01-Oct-2026 23:42:17.431 INFO [Thread-1] org.apache.coyote.AbstractProtocol.destroy Destroying ProtocolHandler ["http-nio-8080"]
01-Oct-2026 23:45:03.107 INFO [main] org.apache.catalina.startup.VersionLoggerListener.log Server version name:   Apache Tomcat/10.1.59
01-Oct-2026 23:45:03.115 INFO [main] org.apache.catalina.startup.VersionLoggerListener.log Server built:          Aug 13 2026 16:59:10 UTC
01-Oct-2026 23:45:03.116 INFO [main] org.apache.catalina.startup.VersionLoggerListener.log Server version number: 10.1.59.0
01-Oct-2026 23:45:03.116 INFO [main] org.apache.catalina.startup.VersionLoggerListener.log OS Name:               Windows 10
01-Oct-2026 23:45:03.116 INFO [main] org.apache.catalina.startup.VersionLoggerListener.log OS Version:            10.0
01-Oct-2026 23:45:03.116 INFO [main] org.apache.catalina.startup.VersionLoggerListener.log Architecture:          amd64
01-Oct-2026 23:45:03.116 INFO [main] org.apache.catalina.startup.VersionLoggerListener.log Java Home:             C:\Program Files\Java\jdk-17
01-Oct-2026 23:45:03.116 INFO [main] org.apache.catalina.startup.VersionLoggerListener.log JVM Version:           17.0.16+12-LTS-247
01-Oct-2026 23:45:03.117 INFO [main] org.apache.catalina.startup.VersionLoggerListener.log JVM Vendor:            Oracle Corporation
01-Oct-2026 23:45:03.117 INFO [main] org.apache.catalina.startup.VersionLoggerListener.log CATALINA_BASE:         D:\SpringAOP&MVC&Boot\MVC\mvcAnnottation
01-Oct-2026 23:45:03.117 INFO [main] org.apache.catalina.startup.VersionLoggerListener.log CATALINA_HOME:         C:\Users\gamaleldeen\OneDrive\Documents\apache-tomcat-10.1.59
01-Oct-2026 23:45:03.129 INFO [main] org.apache.catalina.startup.VersionLoggerListener.log Command line argument: --add-opens=java.base/java.lang=ALL-UNNAMED
01-Oct-2026 23:45:03.129 INFO [main] org.apache.catalina.startup.VersionLoggerListener.log Command line argument: --add-opens=java.base/java.io=ALL-UNNAMED
01-Oct-2026 23:45:03.129 INFO [main] org.apache.catalina.startup.VersionLoggerListener.log Command line argument: --add-opens=java.base/java.util=ALL-UNNAMED
01-Oct-2026 23:45:03.129 INFO [main] org.apache.catalina.startup.VersionLoggerListener.log Command line argument: --add-opens=java.base/java.util.concurrent=ALL-UNNAMED
01-Oct-2026 23:45:03.129 INFO [main] org.apache.catalina.startup.VersionLoggerListener.log Command line argument: --add-opens=java.rmi/sun.rmi.transport=ALL-UNNAMED
01-Oct-2026 23:45:03.129 INFO [main] org.apache.catalina.startup.VersionLoggerListener.log Command line argument: -Dcatalina.home=C:\Users\gamaleldeen\OneDrive\Documents\apache-tomcat-10.1.59
01-Oct-2026 23:45:03.130 INFO [main] org.apache.catalina.startup.VersionLoggerListener.log Command line argument: -Dcatalina.base=D:\SpringAOP&MVC&Boot\MVC\mvcAnnottation
01-Oct-2026 23:45:03.130 INFO [main] org.apache.catalina.startup.VersionLoggerListener.log Command line argument: -Djava.io.tmpdir=D:\SpringAOP&MVC&Boot\MVC\mvcAnnottation\temp
01-Oct-2026 23:45:03.130 INFO [main] org.apache.catalina.startup.VersionLoggerListener.log Command line argument: -Djava.util.logging.config.file=D:\SpringAOP&MVC&Boot\MVC\mvcAnnottation\conf\logging.properties
01-Oct-2026 23:45:03.131 INFO [main] org.apache.catalina.startup.VersionLoggerListener.log Command line argument: -Djava.util.logging.manager=org.apache.juli.ClassLoaderLogManager
01-Oct-2026 23:45:03.131 INFO [main] org.apache.catalina.startup.VersionLoggerListener.log Command line argument: -javaagent:C:\Program Files\JetBrains\IntelliJ IDEA Community Edition 2025.1.3\lib\idea_rt.jar=11048
01-Oct-2026 23:45:03.131 INFO [main] org.apache.catalina.startup.VersionLoggerListener.log Command line argument: -Dfile.encoding=UTF-8
01-Oct-2026 23:45:03.136 INFO [main] org.apache.catalina.core.AprLifecycleListener.lifecycleEvent Loaded Apache Tomcat Native library [2.0.15] using APR version [1.7.6].
01-Oct-2026 23:45:03.143 INFO [main] org.apache.catalina.core.AprLifecycleListener.initializeSSL OpenSSL successfully initialized [OpenSSL 3.5.7 9 Jun 2026]
01-Oct-2026 23:45:03.624 INFO [main] org.apache.coyote.AbstractProtocol.init Initializing ProtocolHandler ["http-nio-8080"]
01-Oct-2026 23:45:03.655 INFO [main] org.apache.catalina.startup.Catalina.load Server initialization in [883] milliseconds
01-Oct-2026 23:45:03.731 INFO [main] org.apache.catalina.core.StandardService.startInternal Starting service [Catalina]
01-Oct-2026 23:45:03.732 INFO [main] org.apache.catalina.core.StandardEngine.startInternal Starting Servlet engine: [Apache Tomcat/10.1.59]
01-Oct-2026 23:45:03.753 INFO [main] org.apache.catalina.startup.HostConfig.deployDescriptor Deploying deployment descriptor [D:\SpringAOP&MVC&Boot\MVC\mvcAnnottation\conf\Catalina\localhost\mvcAnnottation.xml]
01-Oct-2026 23:45:03.812 WARNING [main] org.apache.catalina.startup.HostConfig.deployDescriptor A docBase [D:\SpringAOP&MVC&Boot\MVC\mvcAnnottation\webapps] inside the host appBase has been specified, and will be ignored
01-Oct-2026 23:45:03.918 SEVERE [main] org.apache.catalina.startup.HostConfig.deployDescriptor Error deploying deployment descriptor [D:\SpringAOP&MVC&Boot\MVC\mvcAnnottation\conf\Catalina\localhost\mvcAnnottation.xml]
	java.lang.IllegalStateException: Error starting child
		at org.apache.catalina.core.ContainerBase.addChildInternal(ContainerBase.java:619)
		at org.apache.catalina.core.ContainerBase.addChild(ContainerBase.java:588)
		at org.apache.catalina.core.StandardHost.addChild(StandardHost.java:679)
		at org.apache.catalina.startup.HostConfig.deployDescriptor(HostConfig.java:668)
		at org.apache.catalina.startup.HostConfig$DeployDescriptor.run(HostConfig.java:1912)
		at java.base/java.util.concurrent.Executors$RunnableAdapter.call(Executors.java:539)
		at java.base/java.util.concurrent.FutureTask.run(FutureTask.java:264)
		at org.apache.tomcat.util.threads.InlineExecutorService.execute(InlineExecutorService.java:92)
		at java.base/java.util.concurrent.AbstractExecutorService.submit(AbstractExecutorService.java:123)
		at org.apache.catalina.startup.HostConfig.deployDescriptors(HostConfig.java:556)
		at org.apache.catalina.startup.HostConfig.deployApps(HostConfig.java:447)
		at org.apache.catalina.startup.HostConfig.start(HostConfig.java:1646)
		at org.apache.catalina.startup.HostConfig.lifecycleEvent(HostConfig.java:324)
		at org.apache.catalina.util.LifecycleBase.fireLifecycleEvent(LifecycleBase.java:115)
		at org.apache.catalina.util.LifecycleBase.setStateInternal(LifecycleBase.java:395)
		at org.apache.catalina.util.LifecycleBase.setState(LifecycleBase.java:342)
		at org.apache.catalina.core.ContainerBase.startInternal(ContainerBase.java:792)
		at org.apache.catalina.core.StandardHost.startInternal(StandardHost.java:797)
		at org.apache.catalina.util.LifecycleBase.start(LifecycleBase.java:170)
		at org.apache.catalina.core.ContainerBase$StartChild.call(ContainerBase.java:1243)
		at org.apache.catalina.core.ContainerBase$StartChild.call(ContainerBase.java:1233)
		at java.base/java.util.concurrent.FutureTask.run(FutureTask.java:264)
		at org.apache.tomcat.util.threads.InlineExecutorService.execute(InlineExecutorService.java:92)
		at java.base/java.util.concurrent.AbstractExecutorService.submit(AbstractExecutorService.java:145)
		at org.apache.catalina.core.ContainerBase.startInternal(ContainerBase.java:765)
		at org.apache.catalina.core.StandardEngine.startInternal(StandardEngine.java:201)
		at org.apache.catalina.util.LifecycleBase.start(LifecycleBase.java:170)
		at org.apache.catalina.core.StandardService.startInternal(StandardService.java:433)
		at org.apache.catalina.util.LifecycleBase.start(LifecycleBase.java:170)
		at org.apache.catalina.core.StandardServer.startInternal(StandardServer.java:875)
		at org.apache.catalina.util.LifecycleBase.start(LifecycleBase.java:170)
		at org.apache.catalina.startup.Catalina.start(Catalina.java:885)
		at java.base/jdk.internal.reflect.NativeMethodAccessorImpl.invoke0(Native Method)
		at java.base/jdk.internal.reflect.NativeMethodAccessorImpl.invoke(NativeMethodAccessorImpl.java:77)
		at java.base/jdk.internal.reflect.DelegatingMethodAccessorImpl.invoke(DelegatingMethodAccessorImpl.java:43)
		at java.base/java.lang.reflect.Method.invoke(Method.java:568)
		at org.apache.catalina.startup.Bootstrap.start(Bootstrap.java:348)
		at org.apache.catalina.startup.Bootstrap.main(Bootstrap.java:485)
	Caused by: org.apache.catalina.LifecycleException: Failed to start component [org.apache.catalina.webresources.StandardRoot@7d61eb55]
		at org.apache.catalina.util.LifecycleBase.handleSubClassException(LifecycleBase.java:410)
		at org.apache.catalina.util.LifecycleBase.start(LifecycleBase.java:185)
		at org.apache.catalina.core.StandardContext.resourcesStart(StandardContext.java:4336)
		at org.apache.catalina.core.StandardContext.startInternal(StandardContext.java:4458)
		at org.apache.catalina.util.LifecycleBase.start(LifecycleBase.java:170)
		at org.apache.catalina.core.ContainerBase.addChildInternal(ContainerBase.java:616)
		... 37 more
	Caused by: java.lang.IllegalArgumentException: The main resource set specified [D:\SpringAOP&MVC&Boot\MVC\mvcAnnottation\webapps\mvcAnnottation] is not a directory or war file, or is not readable (it does not exist or permissions to access it are missing)
		at org.apache.catalina.webresources.StandardRoot.createMainResourceSet(StandardRoot.java:822)
		at org.apache.catalina.webresources.StandardRoot.startInternal(StandardRoot.java:774)
		at org.apache.catalina.util.LifecycleBase.start(LifecycleBase.java:170)
		... 41 more
01-Oct-2026 23:45:03.930 INFO [main] org.apache.catalina.startup.HostConfig.deployDescriptor Deployment of deployment descriptor [D:\SpringAOP&MVC&Boot\MVC\mvcAnnottation\conf\Catalina\localhost\mvcAnnottation.xml] has finished in [176] ms
01-Oct-2026 23:45:03.936 INFO [main] org.apache.coyote.AbstractProtocol.start Starting ProtocolHandler ["http-nio-8080"]
01-Oct-2026 23:45:04.062 INFO [main] org.apache.catalina.startup.Catalina.start Server startup in [408] milliseconds
01-Oct-2026 23:50:37.095 INFO [Thread-1] org.apache.coyote.AbstractProtocol.pause Pausing ProtocolHandler ["http-nio-8080"]
01-Oct-2026 23:50:37.275 INFO [Thread-1] org.apache.catalina.core.StandardService.stopInternal Stopping service [Catalina]
01-Oct-2026 23:50:37.277 INFO [Thread-1] org.apache.coyote.AbstractProtocol.stop Stopping ProtocolHandler ["http-nio-8080"]
01-Oct-2026 23:50:37.283 INFO [Thread-1] org.apache.coyote.AbstractProtocol.destroy Destroying ProtocolHandler ["http-nio-8080"]
01-Oct-2026 23:51:02.467 INFO [main] org.apache.catalina.startup.VersionLoggerListener.log Server version name:   Apache Tomcat/10.1.59
01-Oct-2026 23:51:02.486 INFO [main] org.apache.catalina.startup.VersionLoggerListener.log Server built:          Aug 13 2026 16:59:10 UTC
01-Oct-2026 23:54:07.195 INFO [main] org.apache.catalina.startup.VersionLoggerListener.log Server version name:   Apache Tomcat/10.1.59
01-Oct-2026 23:54:07.204 INFO [main] org.apache.catalina.startup.VersionLoggerListener.log Server built:          Aug 13 2026 16:59:10 UTC
01-Oct-2026 23:54:07.204 INFO [main] org.apache.catalina.startup.VersionLoggerListener.log Server version number: 10.1.59.0
01-Oct-2026 23:54:07.205 INFO [main] org.apache.catalina.startup.VersionLoggerListener.log OS Name:               Windows 10
01-Oct-2026 23:54:07.205 INFO [main] org.apache.catalina.startup.VersionLoggerListener.log OS Version:            10.0
01-Oct-2026 23:54:07.205 INFO [main] org.apache.catalina.startup.VersionLoggerListener.log Architecture:          amd64
01-Oct-2026 23:54:07.205 INFO [main] org.apache.catalina.startup.VersionLoggerListener.log Java Home:             C:\Program Files\Java\jdk-17
01-Oct-2026 23:54:07.207 INFO [main] org.apache.catalina.startup.VersionLoggerListener.log JVM Version:           17.0.16+12-LTS-247
01-Oct-2026 23:54:07.209 INFO [main] org.apache.catalina.startup.VersionLoggerListener.log JVM Vendor:            Oracle Corporation
01-Oct-2026 23:54:07.209 INFO [main] org.apache.catalina.startup.VersionLoggerListener.log CATALINA_BASE:         D:\SpringAOP&MVC&Boot\MVC\mvcAnnottation
01-Oct-2026 23:54:07.209 INFO [main] org.apache.catalina.startup.VersionLoggerListener.log CATALINA_HOME:         C:\Users\gamaleldeen\OneDrive\Documents\apache-tomcat-10.1.59
01-Oct-2026 23:54:07.223 INFO [main] org.apache.catalina.startup.VersionLoggerListener.log Command line argument: --add-opens=java.base/java.lang=ALL-UNNAMED
01-Oct-2026 23:54:07.223 INFO [main] org.apache.catalina.startup.VersionLoggerListener.log Command line argument: --add-opens=java.base/java.io=ALL-UNNAMED
01-Oct-2026 23:54:07.223 INFO [main] org.apache.catalina.startup.VersionLoggerListener.log Command line argument: --add-opens=java.base/java.util=ALL-UNNAMED
01-Oct-2026 23:54:07.224 INFO [main] org.apache.catalina.startup.VersionLoggerListener.log Command line argument: --add-opens=java.base/java.util.concurrent=ALL-UNNAMED
01-Oct-2026 23:54:07.224 INFO [main] org.apache.catalina.startup.VersionLoggerListener.log Command line argument: --add-opens=java.rmi/sun.rmi.transport=ALL-UNNAMED
01-Oct-2026 23:54:07.224 INFO [main] org.apache.catalina.startup.VersionLoggerListener.log Command line argument: -Dcatalina.home=C:\Users\gamaleldeen\OneDrive\Documents\apache-tomcat-10.1.59
01-Oct-2026 23:54:07.225 INFO [main] org.apache.catalina.startup.VersionLoggerListener.log Command line argument: -Dcatalina.base=D:\SpringAOP&MVC&Boot\MVC\mvcAnnottation
01-Oct-2026 23:54:07.225 INFO [main] org.apache.catalina.startup.VersionLoggerListener.log Command line argument: -Djava.io.tmpdir=D:\SpringAOP&MVC&Boot\MVC\mvcAnnottation\temp
01-Oct-2026 23:54:07.225 INFO [main] org.apache.catalina.startup.VersionLoggerListener.log Command line argument: -Djava.util.logging.config.file=D:\SpringAOP&MVC&Boot\MVC\mvcAnnottation\conf\logging.properties
01-Oct-2026 23:54:07.225 INFO [main] org.apache.catalina.startup.VersionLoggerListener.log Command line argument: -Djava.util.logging.manager=org.apache.juli.ClassLoaderLogManager
01-Oct-2026 23:54:07.225 INFO [main] org.apache.catalina.startup.VersionLoggerListener.log Command line argument: -javaagent:C:\Program Files\JetBrains\IntelliJ IDEA Community Edition 2025.1.3\lib\idea_rt.jar=11130
01-Oct-2026 23:54:07.225 INFO [main] org.apache.catalina.startup.VersionLoggerListener.log Command line argument: -Dfile.encoding=UTF-8
01-Oct-2026 23:54:07.238 INFO [main] org.apache.catalina.core.AprLifecycleListener.lifecycleEvent Loaded Apache Tomcat Native library [2.0.15] using APR version [1.7.6].
01-Oct-2026 23:54:07.282 INFO [main] org.apache.catalina.core.AprLifecycleListener.initializeSSL OpenSSL successfully initialized [OpenSSL 3.5.7 9 Jun 2026]
01-Oct-2026 23:54:07.792 INFO [main] org.apache.coyote.AbstractProtocol.init Initializing ProtocolHandler ["http-nio-8080"]
01-Oct-2026 23:54:07.825 INFO [main] org.apache.catalina.startup.Catalina.load Server initialization in [1040] milliseconds
01-Oct-2026 23:54:07.913 INFO [main] org.apache.catalina.core.StandardService.startInternal Starting service [Catalina]
01-Oct-2026 23:54:07.913 INFO [main] org.apache.catalina.core.StandardEngine.startInternal Starting Servlet engine: [Apache Tomcat/10.1.59]
01-Oct-2026 23:54:07.935 INFO [main] org.apache.catalina.startup.HostConfig.deployDescriptor Deploying deployment descriptor [D:\SpringAOP&MVC&Boot\MVC\mvcAnnottation\conf\Catalina\localhost\mvcAnnottation.xml]
01-Oct-2026 23:54:07.996 WARNING [main] org.apache.catalina.startup.HostConfig.deployDescriptor A docBase [D:\SpringAOP&MVC&Boot\MVC\mvcAnnottation\webapps] inside the host appBase has been specified, and will be ignored
01-Oct-2026 23:54:08.115 SEVERE [main] org.apache.catalina.startup.HostConfig.deployDescriptor Error deploying deployment descriptor [D:\SpringAOP&MVC&Boot\MVC\mvcAnnottation\conf\Catalina\localhost\mvcAnnottation.xml]
	java.lang.IllegalStateException: Error starting child
		at org.apache.catalina.core.ContainerBase.addChildInternal(ContainerBase.java:619)
		at org.apache.catalina.core.ContainerBase.addChild(ContainerBase.java:588)
		at org.apache.catalina.core.StandardHost.addChild(StandardHost.java:679)
		at org.apache.catalina.startup.HostConfig.deployDescriptor(HostConfig.java:668)
		at org.apache.catalina.startup.HostConfig$DeployDescriptor.run(HostConfig.java:1912)
		at java.base/java.util.concurrent.Executors$RunnableAdapter.call(Executors.java:539)
		at java.base/java.util.concurrent.FutureTask.run(FutureTask.java:264)
		at org.apache.tomcat.util.threads.InlineExecutorService.execute(InlineExecutorService.java:92)
		at java.base/java.util.concurrent.AbstractExecutorService.submit(AbstractExecutorService.java:123)
		at org.apache.catalina.startup.HostConfig.deployDescriptors(HostConfig.java:556)
		at org.apache.catalina.startup.HostConfig.deployApps(HostConfig.java:447)
		at org.apache.catalina.startup.HostConfig.start(HostConfig.java:1646)
		at org.apache.catalina.startup.HostConfig.lifecycleEvent(HostConfig.java:324)
		at org.apache.catalina.util.LifecycleBase.fireLifecycleEvent(LifecycleBase.java:115)
		at org.apache.catalina.util.LifecycleBase.setStateInternal(LifecycleBase.java:395)
		at org.apache.catalina.util.LifecycleBase.setState(LifecycleBase.java:342)
		at org.apache.catalina.core.ContainerBase.startInternal(ContainerBase.java:792)
		at org.apache.catalina.core.StandardHost.startInternal(StandardHost.java:797)
		at org.apache.catalina.util.LifecycleBase.start(LifecycleBase.java:170)
		at org.apache.catalina.core.ContainerBase$StartChild.call(ContainerBase.java:1243)
		at org.apache.catalina.core.ContainerBase$StartChild.call(ContainerBase.java:1233)
		at java.base/java.util.concurrent.FutureTask.run(FutureTask.java:264)
		at org.apache.tomcat.util.threads.InlineExecutorService.execute(InlineExecutorService.java:92)
		at java.base/java.util.concurrent.AbstractExecutorService.submit(AbstractExecutorService.java:145)
		at org.apache.catalina.core.ContainerBase.startInternal(ContainerBase.java:765)
		at org.apache.catalina.core.StandardEngine.startInternal(StandardEngine.java:201)
		at org.apache.catalina.util.LifecycleBase.start(LifecycleBase.java:170)
		at org.apache.catalina.core.StandardService.startInternal(StandardService.java:433)
		at org.apache.catalina.util.LifecycleBase.start(LifecycleBase.java:170)
		at org.apache.catalina.core.StandardServer.startInternal(StandardServer.java:875)
		at org.apache.catalina.util.LifecycleBase.start(LifecycleBase.java:170)
		at org.apache.catalina.startup.Catalina.start(Catalina.java:885)
		at java.base/jdk.internal.reflect.NativeMethodAccessorImpl.invoke0(Native Method)
		at java.base/jdk.internal.reflect.NativeMethodAccessorImpl.invoke(NativeMethodAccessorImpl.java:77)
		at java.base/jdk.internal.reflect.DelegatingMethodAccessorImpl.invoke(DelegatingMethodAccessorImpl.java:43)
		at java.base/java.lang.reflect.Method.invoke(Method.java:568)
		at org.apache.catalina.startup.Bootstrap.start(Bootstrap.java:348)
		at org.apache.catalina.startup.Bootstrap.main(Bootstrap.java:485)
	Caused by: org.apache.catalina.LifecycleException: Failed to start component [org.apache.catalina.webresources.StandardRoot@34129c78]
		at org.apache.catalina.util.LifecycleBase.handleSubClassException(LifecycleBase.java:410)
		at org.apache.catalina.util.LifecycleBase.start(LifecycleBase.java:185)
		at org.apache.catalina.core.StandardContext.resourcesStart(StandardContext.java:4336)
		at org.apache.catalina.core.StandardContext.startInternal(StandardContext.java:4458)
		at org.apache.catalina.util.LifecycleBase.start(LifecycleBase.java:170)
		at org.apache.catalina.core.ContainerBase.addChildInternal(ContainerBase.java:616)
		... 37 more
	Caused by: java.lang.IllegalArgumentException: The main resource set specified [D:\SpringAOP&MVC&Boot\MVC\mvcAnnottation\webapps\mvcAnnottation] is not a directory or war file, or is not readable (it does not exist or permissions to access it are missing)
		at org.apache.catalina.webresources.StandardRoot.createMainResourceSet(StandardRoot.java:822)
		at org.apache.catalina.webresources.StandardRoot.startInternal(StandardRoot.java:774)
		at org.apache.catalina.util.LifecycleBase.start(LifecycleBase.java:170)
		... 41 more
01-Oct-2026 23:54:08.120 INFO [main] org.apache.catalina.startup.HostConfig.deployDescriptor Deployment of deployment descriptor [D:\SpringAOP&MVC&Boot\MVC\mvcAnnottation\conf\Catalina\localhost\mvcAnnottation.xml] has finished in [184] ms
01-Oct-2026 23:54:08.125 INFO [main] org.apache.coyote.AbstractProtocol.start Starting ProtocolHandler ["http-nio-8080"]
01-Oct-2026 23:54:08.307 INFO [main] org.apache.catalina.startup.Catalina.start Server startup in [480] milliseconds
01-Oct-2026 23:54:25.639 INFO [Thread-1] org.apache.coyote.AbstractProtocol.pause Pausing ProtocolHandler ["http-nio-8080"]
01-Oct-2026 23:54:25.822 INFO [Thread-1] org.apache.catalina.core.StandardService.stopInternal Stopping service [Catalina]
01-Oct-2026 23:54:25.824 INFO [Thread-1] org.apache.coyote.AbstractProtocol.stop Stopping ProtocolHandler ["http-nio-8080"]
01-Oct-2026 23:54:25.830 INFO [Thread-1] org.apache.coyote.AbstractProtocol.destroy Destroying ProtocolHandler ["http-nio-8080"]
01-Oct-2026 23:56:25.100 INFO [main] org.apache.catalina.startup.VersionLoggerListener.log Server version name:   Apache Tomcat/10.1.59
01-Oct-2026 23:56:25.108 INFO [main] org.apache.catalina.startup.VersionLoggerListener.log Server built:          Aug 13 2026 16:59:10 UTC
01-Oct-2026 23:56:25.109 INFO [main] org.apache.catalina.startup.VersionLoggerListener.log Server version number: 10.1.59.0
01-Oct-2026 23:56:25.109 INFO [main] org.apache.catalina.startup.VersionLoggerListener.log OS Name:               Windows 10
01-Oct-2026 23:56:25.109 INFO [main] org.apache.catalina.startup.VersionLoggerListener.log OS Version:            10.0
01-Oct-2026 23:56:25.109 INFO [main] org.apache.catalina.startup.VersionLoggerListener.log Architecture:          amd64
01-Oct-2026 23:56:25.110 INFO [main] org.apache.catalina.startup.VersionLoggerListener.log Java Home:             C:\Program Files\Java\jdk-17
01-Oct-2026 23:56:25.111 INFO [main] org.apache.catalina.startup.VersionLoggerListener.log JVM Version:           17.0.16+12-LTS-247
01-Oct-2026 23:56:25.112 INFO [main] org.apache.catalina.startup.VersionLoggerListener.log JVM Vendor:            Oracle Corporation
01-Oct-2026 23:56:25.112 INFO [main] org.apache.catalina.startup.VersionLoggerListener.log CATALINA_BASE:         D:\SpringAOP&MVC&Boot\MVC\mvcAnnottation
01-Oct-2026 23:56:25.112 INFO [main] org.apache.catalina.startup.VersionLoggerListener.log CATALINA_HOME:         C:\Users\gamaleldeen\OneDrive\Documents\apache-tomcat-10.1.59
01-Oct-2026 23:56:25.125 INFO [main] org.apache.catalina.startup.VersionLoggerListener.log Command line argument: --add-opens=java.base/java.lang=ALL-UNNAMED
01-Oct-2026 23:56:25.126 INFO [main] org.apache.catalina.startup.VersionLoggerListener.log Command line argument: --add-opens=java.base/java.io=ALL-UNNAMED
01-Oct-2026 23:56:25.126 INFO [main] org.apache.catalina.startup.VersionLoggerListener.log Command line argument: --add-opens=java.base/java.util=ALL-UNNAMED
01-Oct-2026 23:56:25.126 INFO [main] org.apache.catalina.startup.VersionLoggerListener.log Command line argument: --add-opens=java.base/java.util.concurrent=ALL-UNNAMED
01-Oct-2026 23:56:25.126 INFO [main] org.apache.catalina.startup.VersionLoggerListener.log Command line argument: --add-opens=java.rmi/sun.rmi.transport=ALL-UNNAMED
01-Oct-2026 23:56:25.126 INFO [main] org.apache.catalina.startup.VersionLoggerListener.log Command line argument: -Dcatalina.home=C:\Users\gamaleldeen\OneDrive\Documents\apache-tomcat-10.1.59
01-Oct-2026 23:56:25.126 INFO [main] org.apache.catalina.startup.VersionLoggerListener.log Command line argument: -Dcatalina.base=D:\SpringAOP&MVC&Boot\MVC\mvcAnnottation
01-Oct-2026 23:56:25.126 INFO [main] org.apache.catalina.startup.VersionLoggerListener.log Command line argument: -Djava.io.tmpdir=D:\SpringAOP&MVC&Boot\MVC\mvcAnnottation\temp
01-Oct-2026 23:56:25.127 INFO [main] org.apache.catalina.startup.VersionLoggerListener.log Command line argument: -Djava.util.logging.config.file=D:\SpringAOP&MVC&Boot\MVC\mvcAnnottation\conf\logging.properties
01-Oct-2026 23:56:25.127 INFO [main] org.apache.catalina.startup.VersionLoggerListener.log Command line argument: -Djava.util.logging.manager=org.apache.juli.ClassLoaderLogManager
01-Oct-2026 23:56:25.127 INFO [main] org.apache.catalina.startup.VersionLoggerListener.log Command line argument: -javaagent:C:\Program Files\JetBrains\IntelliJ IDEA Community Edition 2025.1.3\lib\idea_rt.jar=11138
01-Oct-2026 23:56:25.127 INFO [main] org.apache.catalina.startup.VersionLoggerListener.log Command line argument: -Dfile.encoding=UTF-8
01-Oct-2026 23:56:25.132 INFO [main] org.apache.catalina.core.AprLifecycleListener.lifecycleEvent Loaded Apache Tomcat Native library [2.0.15] using APR version [1.7.6].
01-Oct-2026 23:56:25.140 INFO [main] org.apache.catalina.core.AprLifecycleListener.initializeSSL OpenSSL successfully initialized [OpenSSL 3.5.7 9 Jun 2026]
01-Oct-2026 23:56:25.604 INFO [main] org.apache.coyote.AbstractProtocol.init Initializing ProtocolHandler ["http-nio-8080"]
01-Oct-2026 23:56:25.633 INFO [main] org.apache.catalina.startup.Catalina.load Server initialization in [844] milliseconds
01-Oct-2026 23:56:25.700 INFO [main] org.apache.catalina.core.StandardService.startInternal Starting service [Catalina]
01-Oct-2026 23:56:25.700 INFO [main] org.apache.catalina.core.StandardEngine.startInternal Starting Servlet engine: [Apache Tomcat/10.1.59]
01-Oct-2026 23:56:25.722 INFO [main] org.apache.catalina.startup.HostConfig.deployDescriptor Deploying deployment descriptor [D:\SpringAOP&MVC&Boot\MVC\mvcAnnottation\conf\Catalina\localhost\mvcAnnottation.xml]
01-Oct-2026 23:56:25.778 WARNING [main] org.apache.catalina.startup.HostConfig.deployDescriptor A docBase [D:\SpringAOP&MVC&Boot\MVC\mvcAnnottation\webapps] inside the host appBase has been specified, and will be ignored
01-Oct-2026 23:56:25.932 SEVERE [main] org.apache.catalina.startup.HostConfig.deployDescriptor Error deploying deployment descriptor [D:\SpringAOP&MVC&Boot\MVC\mvcAnnottation\conf\Catalina\localhost\mvcAnnottation.xml]
	java.lang.IllegalStateException: Error starting child
		at org.apache.catalina.core.ContainerBase.addChildInternal(ContainerBase.java:619)
		at org.apache.catalina.core.ContainerBase.addChild(ContainerBase.java:588)
		at org.apache.catalina.core.StandardHost.addChild(StandardHost.java:679)
		at org.apache.catalina.startup.HostConfig.deployDescriptor(HostConfig.java:668)
		at org.apache.catalina.startup.HostConfig$DeployDescriptor.run(HostConfig.java:1912)
		at java.base/java.util.concurrent.Executors$RunnableAdapter.call(Executors.java:539)
		at java.base/java.util.concurrent.FutureTask.run(FutureTask.java:264)
		at org.apache.tomcat.util.threads.InlineExecutorService.execute(InlineExecutorService.java:92)
		at java.base/java.util.concurrent.AbstractExecutorService.submit(AbstractExecutorService.java:123)
		at org.apache.catalina.startup.HostConfig.deployDescriptors(HostConfig.java:556)
		at org.apache.catalina.startup.HostConfig.deployApps(HostConfig.java:447)
		at org.apache.catalina.startup.HostConfig.start(HostConfig.java:1646)
		at org.apache.catalina.startup.HostConfig.lifecycleEvent(HostConfig.java:324)
		at org.apache.catalina.util.LifecycleBase.fireLifecycleEvent(LifecycleBase.java:115)
		at org.apache.catalina.util.LifecycleBase.setStateInternal(LifecycleBase.java:395)
		at org.apache.catalina.util.LifecycleBase.setState(LifecycleBase.java:342)
		at org.apache.catalina.core.ContainerBase.startInternal(ContainerBase.java:792)
		at org.apache.catalina.core.StandardHost.startInternal(StandardHost.java:797)
		at org.apache.catalina.util.LifecycleBase.start(LifecycleBase.java:170)
		at org.apache.catalina.core.ContainerBase$StartChild.call(ContainerBase.java:1243)
		at org.apache.catalina.core.ContainerBase$StartChild.call(ContainerBase.java:1233)
		at java.base/java.util.concurrent.FutureTask.run(FutureTask.java:264)
		at org.apache.tomcat.util.threads.InlineExecutorService.execute(InlineExecutorService.java:92)
		at java.base/java.util.concurrent.AbstractExecutorService.submit(AbstractExecutorService.java:145)
		at org.apache.catalina.core.ContainerBase.startInternal(ContainerBase.java:765)
		at org.apache.catalina.core.StandardEngine.startInternal(StandardEngine.java:201)
		at org.apache.catalina.util.LifecycleBase.start(LifecycleBase.java:170)
		at org.apache.catalina.core.StandardService.startInternal(StandardService.java:433)
		at org.apache.catalina.util.LifecycleBase.start(LifecycleBase.java:170)
		at org.apache.catalina.core.StandardServer.startInternal(StandardServer.java:875)
		at org.apache.catalina.util.LifecycleBase.start(LifecycleBase.java:170)
		at org.apache.catalina.startup.Catalina.start(Catalina.java:885)
		at java.base/jdk.internal.reflect.NativeMethodAccessorImpl.invoke0(Native Method)
		at java.base/jdk.internal.reflect.NativeMethodAccessorImpl.invoke(NativeMethodAccessorImpl.java:77)
		at java.base/jdk.internal.reflect.DelegatingMethodAccessorImpl.invoke(DelegatingMethodAccessorImpl.java:43)
		at java.base/java.lang.reflect.Method.invoke(Method.java:568)
		at org.apache.catalina.startup.Bootstrap.start(Bootstrap.java:348)
		at org.apache.catalina.startup.Bootstrap.main(Bootstrap.java:485)
	Caused by: org.apache.catalina.LifecycleException: Failed to start component [org.apache.catalina.webresources.StandardRoot@76b07f29]
		at org.apache.catalina.util.LifecycleBase.handleSubClassException(LifecycleBase.java:410)
		at org.apache.catalina.util.LifecycleBase.start(LifecycleBase.java:185)
		at org.apache.catalina.core.StandardContext.resourcesStart(StandardContext.java:4336)
		at org.apache.catalina.core.StandardContext.startInternal(StandardContext.java:4458)
		at org.apache.catalina.util.LifecycleBase.start(LifecycleBase.java:170)
		at org.apache.catalina.core.ContainerBase.addChildInternal(ContainerBase.java:616)
		... 37 more
	Caused by: java.lang.IllegalArgumentException: The main resource set specified [D:\SpringAOP&MVC&Boot\MVC\mvcAnnottation\webapps\mvcAnnottation] is not a directory or war file, or is not readable (it does not exist or permissions to access it are missing)
		at org.apache.catalina.webresources.StandardRoot.createMainResourceSet(StandardRoot.java:822)
		at org.apache.catalina.webresources.StandardRoot.startInternal(StandardRoot.java:774)
		at org.apache.catalina.util.LifecycleBase.start(LifecycleBase.java:170)
		... 41 more
01-Oct-2026 23:56:25.938 INFO [main] org.apache.catalina.startup.HostConfig.deployDescriptor Deployment of deployment descriptor [D:\SpringAOP&MVC&Boot\MVC\mvcAnnottation\conf\Catalina\localhost\mvcAnnottation.xml] has finished in [216] ms
01-Oct-2026 23:56:25.945 INFO [main] org.apache.coyote.AbstractProtocol.start Starting ProtocolHandler ["http-nio-8080"]
01-Oct-2026 23:56:26.078 INFO [main] org.apache.catalina.startup.Catalina.start Server startup in [444] milliseconds
01-Oct-2026 23:59:16.722 INFO [Thread-1] org.apache.coyote.AbstractProtocol.pause Pausing ProtocolHandler ["http-nio-8080"]
01-Oct-2026 23:59:16.897 INFO [Thread-1] org.apache.catalina.core.StandardService.stopInternal Stopping service [Catalina]
01-Oct-2026 23:59:16.899 INFO [Thread-1] org.apache.coyote.AbstractProtocol.stop Stopping ProtocolHandler ["http-nio-8080"]
01-Oct-2026 23:59:16.907 INFO [Thread-1] org.apache.coyote.AbstractProtocol.destroy Destroying ProtocolHandler ["http-nio-8080"]
