02-Oct-2026 00:02:23.086 INFO [main] org.apache.catalina.startup.VersionLoggerListener.log Server version name:   Apache Tomcat/10.0.27
02-Oct-2026 00:02:23.095 INFO [main] org.apache.catalina.startup.VersionLoggerListener.log Server built:          Oct 3 2022 14:18:31 UTC
02-Oct-2026 00:02:23.096 INFO [main] org.apache.catalina.startup.VersionLoggerListener.log Server version number: 10.0.27.0
02-Oct-2026 00:02:23.096 INFO [main] org.apache.catalina.startup.VersionLoggerListener.log OS Name:               Windows 10
02-Oct-2026 00:02:23.096 INFO [main] org.apache.catalina.startup.VersionLoggerListener.log OS Version:            10.0
02-Oct-2026 00:02:23.096 INFO [main] org.apache.catalina.startup.VersionLoggerListener.log Architecture:          amd64
02-Oct-2026 00:02:23.096 INFO [main] org.apache.catalina.startup.VersionLoggerListener.log Java Home:             C:\Program Files\Java\jdk-17
02-Oct-2026 00:02:23.097 INFO [main] org.apache.catalina.startup.VersionLoggerListener.log JVM Version:           17.0.16+12-LTS-247
02-Oct-2026 00:02:23.097 INFO [main] org.apache.catalina.startup.VersionLoggerListener.log JVM Vendor:            Oracle Corporation
02-Oct-2026 00:02:23.097 INFO [main] org.apache.catalina.startup.VersionLoggerListener.log CATALINA_BASE:         D:\SpringAOP&MVC&Boot\MVC\mvcAnnottation
02-Oct-2026 00:02:23.097 INFO [main] org.apache.catalina.startup.VersionLoggerListener.log CATALINA_HOME:         D:\apache-tomcat-10.0.27
02-Oct-2026 00:02:23.113 INFO [main] org.apache.catalina.startup.VersionLoggerListener.log Command line argument: --add-opens=java.base/java.lang=ALL-UNNAMED
02-Oct-2026 00:02:23.113 INFO [main] org.apache.catalina.startup.VersionLoggerListener.log Command line argument: --add-opens=java.base/java.io=ALL-UNNAMED
02-Oct-2026 00:02:23.113 INFO [main] org.apache.catalina.startup.VersionLoggerListener.log Command line argument: --add-opens=java.base/java.util=ALL-UNNAMED
02-Oct-2026 00:02:23.113 INFO [main] org.apache.catalina.startup.VersionLoggerListener.log Command line argument: --add-opens=java.base/java.util.concurrent=ALL-UNNAMED
02-Oct-2026 00:02:23.114 INFO [main] org.apache.catalina.startup.VersionLoggerListener.log Command line argument: --add-opens=java.rmi/sun.rmi.transport=ALL-UNNAMED
02-Oct-2026 00:02:23.114 INFO [main] org.apache.catalina.startup.VersionLoggerListener.log Command line argument: -Dcatalina.home=D:\apache-tomcat-10.0.27
02-Oct-2026 00:02:23.114 INFO [main] org.apache.catalina.startup.VersionLoggerListener.log Command line argument: -Dcatalina.base=D:\SpringAOP&MVC&Boot\MVC\mvcAnnottation
02-Oct-2026 00:02:23.114 INFO [main] org.apache.catalina.startup.VersionLoggerListener.log Command line argument: -Djava.io.tmpdir=D:\SpringAOP&MVC&Boot\MVC\mvcAnnottation\temp
02-Oct-2026 00:02:23.114 INFO [main] org.apache.catalina.startup.VersionLoggerListener.log Command line argument: -Djava.util.logging.config.file=D:\SpringAOP&MVC&Boot\MVC\mvcAnnottation\conf\logging.properties
02-Oct-2026 00:02:23.114 INFO [main] org.apache.catalina.startup.VersionLoggerListener.log Command line argument: -Djava.util.logging.manager=org.apache.juli.ClassLoaderLogManager
02-Oct-2026 00:02:23.114 INFO [main] org.apache.catalina.startup.VersionLoggerListener.log Command line argument: -javaagent:C:\Program Files\JetBrains\IntelliJ IDEA Community Edition 2025.1.3\lib\idea_rt.jar=11169
02-Oct-2026 00:02:23.115 INFO [main] org.apache.catalina.startup.VersionLoggerListener.log Command line argument: -Dfile.encoding=UTF-8
02-Oct-2026 00:02:23.129 INFO [main] org.apache.catalina.core.AprLifecycleListener.lifecycleEvent The Apache Tomcat Native library which allows using OpenSSL was not found on the java.library.path: [C:\Program Files\Java\jdk-17\bin;C:\Windows\Sun\Java\bin;C:\Windows\system32;C:\Windows;D:\Downloads\WINDOWS.X64_213000_db_home\bin;C:\Program Files\Common Files\Oracle\Java\javapath;C:\Windows\system32;C:\Windows;C:\Windows\System32\Wbem;C:\Windows\System32\WindowsPowerShell\v1.0\;C:\Windows\System32\OpenSSH\;C:\Program Files\Java\jdk-17\bin;C:\Program Files\Git\cmd;C:\Users\gamaleldeen\AppData\Local\Microsoft\WindowsApps;C:\Program Files\JetBrains\IntelliJ IDEA Community Edition 2025.1.3\bin;.]
02-Oct-2026 00:02:29.742 INFO [main] org.apache.coyote.AbstractProtocol.init Initializing ProtocolHandler ["http-nio-8080"]
02-Oct-2026 00:02:30.957 INFO [main] org.apache.catalina.startup.Catalina.load Server initialization in [8328] milliseconds
02-Oct-2026 00:05:04.102 INFO [main] org.apache.catalina.startup.VersionLoggerListener.log Server version name:   Apache Tomcat/10.1.59
02-Oct-2026 00:05:04.110 INFO [main] org.apache.catalina.startup.VersionLoggerListener.log Server built:          Aug 13 2026 16:59:10 UTC
02-Oct-2026 00:05:04.111 INFO [main] org.apache.catalina.startup.VersionLoggerListener.log Server version number: 10.1.59.0
02-Oct-2026 00:05:04.111 INFO [main] org.apache.catalina.startup.VersionLoggerListener.log OS Name:               Windows 10
02-Oct-2026 00:05:04.111 INFO [main] org.apache.catalina.startup.VersionLoggerListener.log OS Version:            10.0
02-Oct-2026 00:05:04.111 INFO [main] org.apache.catalina.startup.VersionLoggerListener.log Architecture:          amd64
02-Oct-2026 00:05:04.111 INFO [main] org.apache.catalina.startup.VersionLoggerListener.log Java Home:             C:\Program Files\Java\jdk-17
02-Oct-2026 00:05:04.112 INFO [main] org.apache.catalina.startup.VersionLoggerListener.log JVM Version:           17.0.16+12-LTS-247
02-Oct-2026 00:05:04.112 INFO [main] org.apache.catalina.startup.VersionLoggerListener.log JVM Vendor:            Oracle Corporation
02-Oct-2026 00:05:04.112 INFO [main] org.apache.catalina.startup.VersionLoggerListener.log CATALINA_BASE:         D:\SpringAOP&MVC&Boot\MVC\mvcAnnottation
02-Oct-2026 00:05:04.112 INFO [main] org.apache.catalina.startup.VersionLoggerListener.log CATALINA_HOME:         C:\Users\gamaleldeen\OneDrive\Documents\apache-tomcat-10.1.59
02-Oct-2026 00:05:04.129 INFO [main] org.apache.catalina.startup.VersionLoggerListener.log Command line argument: --add-opens=java.base/java.lang=ALL-UNNAMED
02-Oct-2026 00:05:04.130 INFO [main] org.apache.catalina.startup.VersionLoggerListener.log Command line argument: --add-opens=java.base/java.io=ALL-UNNAMED
02-Oct-2026 00:05:04.130 INFO [main] org.apache.catalina.startup.VersionLoggerListener.log Command line argument: --add-opens=java.base/java.util=ALL-UNNAMED
02-Oct-2026 00:05:04.130 INFO [main] org.apache.catalina.startup.VersionLoggerListener.log Command line argument: --add-opens=java.base/java.util.concurrent=ALL-UNNAMED
02-Oct-2026 00:05:04.130 INFO [main] org.apache.catalina.startup.VersionLoggerListener.log Command line argument: --add-opens=java.rmi/sun.rmi.transport=ALL-UNNAMED
02-Oct-2026 00:05:04.130 INFO [main] org.apache.catalina.startup.VersionLoggerListener.log Command line argument: -Dcatalina.home=C:\Users\gamaleldeen\OneDrive\Documents\apache-tomcat-10.1.59
02-Oct-2026 00:05:04.130 INFO [main] org.apache.catalina.startup.VersionLoggerListener.log Command line argument: -Dcatalina.base=D:\SpringAOP&MVC&Boot\MVC\mvcAnnottation
02-Oct-2026 00:05:04.131 INFO [main] org.apache.catalina.startup.VersionLoggerListener.log Command line argument: -Djava.io.tmpdir=D:\SpringAOP&MVC&Boot\MVC\mvcAnnottation\temp
02-Oct-2026 00:05:04.131 INFO [main] org.apache.catalina.startup.VersionLoggerListener.log Command line argument: -Djava.util.logging.config.file=D:\SpringAOP&MVC&Boot\MVC\mvcAnnottation\conf\logging.properties
02-Oct-2026 00:05:04.131 INFO [main] org.apache.catalina.startup.VersionLoggerListener.log Command line argument: -Djava.util.logging.manager=org.apache.juli.ClassLoaderLogManager
02-Oct-2026 00:05:04.131 INFO [main] org.apache.catalina.startup.VersionLoggerListener.log Command line argument: -javaagent:C:\Program Files\JetBrains\IntelliJ IDEA Community Edition 2025.1.3\lib\idea_rt.jar=11186
02-Oct-2026 00:05:04.131 INFO [main] org.apache.catalina.startup.VersionLoggerListener.log Command line argument: -Dfile.encoding=UTF-8
02-Oct-2026 00:05:04.145 INFO [main] org.apache.catalina.core.AprLifecycleListener.lifecycleEvent Loaded Apache Tomcat Native library [2.0.15] using APR version [1.7.6].
02-Oct-2026 00:05:04.191 INFO [main] org.apache.catalina.core.AprLifecycleListener.initializeSSL OpenSSL successfully initialized [OpenSSL 3.5.7 9 Jun 2026]
02-Oct-2026 00:05:04.666 INFO [main] org.apache.coyote.AbstractProtocol.init Initializing ProtocolHandler ["http-nio-8080"]
02-Oct-2026 00:05:04.697 INFO [main] org.apache.catalina.startup.Catalina.load Server initialization in [961] milliseconds
02-Oct-2026 00:05:04.768 INFO [main] org.apache.catalina.core.StandardService.startInternal Starting service [Catalina]
02-Oct-2026 00:05:04.768 INFO [main] org.apache.catalina.core.StandardEngine.startInternal Starting Servlet engine: [Apache Tomcat/10.1.59]
02-Oct-2026 00:05:04.792 INFO [main] org.apache.catalina.startup.HostConfig.deployDescriptor Deploying deployment descriptor [D:\SpringAOP&MVC&Boot\MVC\mvcAnnottation\conf\Catalina\localhost\mvcAnnottation.xml]
02-Oct-2026 00:05:04.841 WARNING [main] org.apache.catalina.startup.HostConfig.deployDescriptor A docBase [D:\SpringAOP&MVC&Boot\MVC\mvcAnnottation\webapps] inside the host appBase has been specified, and will be ignored
02-Oct-2026 00:05:04.967 SEVERE [main] org.apache.catalina.startup.HostConfig.deployDescriptor Error deploying deployment descriptor [D:\SpringAOP&MVC&Boot\MVC\mvcAnnottation\conf\Catalina\localhost\mvcAnnottation.xml]
	java.lang.IllegalStateException: Error starting child
		at org.apache.catalina.core.ContainerBase.addChildInternal(ContainerBase.java:619)
		at org.apache.catalina.core.ContainerBase.addChild(ContainerBase.java:588)
		at org.apache.catalina.core.StandardHost.addChild(StandardHost.java:679)
		at org.apache.catalina.startup.HostConfig.deployDescriptor(HostConfig.java:668)
		at org.apache.catalina.startup.HostConfig$DeployDescriptor.run(HostConfig.java:1912)
		at java.base/java.util.concurrent.Executors$RunnableAdapter.call(Executors.java:539)
		at java.base/java.util.concurrent.FutureTask.run(FutureTask.java:264)
		at org.apache.tomcat.util.threads.InlineExecutorService.execute(InlineExecutorService.java:92)
		at java.base/java.util.concurrent.AbstractExecutorService.submit(AbstractExecutorService.java:123)
		at org.apache.catalina.startup.HostConfig.deployDescriptors(HostConfig.java:556)
		at org.apache.catalina.startup.HostConfig.deployApps(HostConfig.java:447)
		at org.apache.catalina.startup.HostConfig.start(HostConfig.java:1646)
		at org.apache.catalina.startup.HostConfig.lifecycleEvent(HostConfig.java:324)
		at org.apache.catalina.util.LifecycleBase.fireLifecycleEvent(LifecycleBase.java:115)
		at org.apache.catalina.util.LifecycleBase.setStateInternal(LifecycleBase.java:395)
		at org.apache.catalina.util.LifecycleBase.setState(LifecycleBase.java:342)
		at org.apache.catalina.core.ContainerBase.startInternal(ContainerBase.java:792)
		at org.apache.catalina.core.StandardHost.startInternal(StandardHost.java:797)
		at org.apache.catalina.util.LifecycleBase.start(LifecycleBase.java:170)
		at org.apache.catalina.core.ContainerBase$StartChild.call(ContainerBase.java:1243)
		at org.apache.catalina.core.ContainerBase$StartChild.call(ContainerBase.java:1233)
		at java.base/java.util.concurrent.FutureTask.run(FutureTask.java:264)
		at org.apache.tomcat.util.threads.InlineExecutorService.execute(InlineExecutorService.java:92)
		at java.base/java.util.concurrent.AbstractExecutorService.submit(AbstractExecutorService.java:145)
		at org.apache.catalina.core.ContainerBase.startInternal(ContainerBase.java:765)
		at org.apache.catalina.core.StandardEngine.startInternal(StandardEngine.java:201)
		at org.apache.catalina.util.LifecycleBase.start(LifecycleBase.java:170)
		at org.apache.catalina.core.StandardService.startInternal(StandardService.java:433)
		at org.apache.catalina.util.LifecycleBase.start(LifecycleBase.java:170)
		at org.apache.catalina.core.StandardServer.startInternal(StandardServer.java:875)
		at org.apache.catalina.util.LifecycleBase.start(LifecycleBase.java:170)
		at org.apache.catalina.startup.Catalina.start(Catalina.java:885)
		at java.base/jdk.internal.reflect.NativeMethodAccessorImpl.invoke0(Native Method)
		at java.base/jdk.internal.reflect.NativeMethodAccessorImpl.invoke(NativeMethodAccessorImpl.java:77)
		at java.base/jdk.internal.reflect.DelegatingMethodAccessorImpl.invoke(DelegatingMethodAccessorImpl.java:43)
		at java.base/java.lang.reflect.Method.invoke(Method.java:568)
		at org.apache.catalina.startup.Bootstrap.start(Bootstrap.java:348)
		at org.apache.catalina.startup.Bootstrap.main(Bootstrap.java:485)
	Caused by: org.apache.catalina.LifecycleException: Failed to start component [org.apache.catalina.webresources.StandardRoot@81d9a72]
		at org.apache.catalina.util.LifecycleBase.handleSubClassException(LifecycleBase.java:410)
		at org.apache.catalina.util.LifecycleBase.start(LifecycleBase.java:185)
		at org.apache.catalina.core.StandardContext.resourcesStart(StandardContext.java:4336)
		at org.apache.catalina.core.StandardContext.startInternal(StandardContext.java:4458)
		at org.apache.catalina.util.LifecycleBase.start(LifecycleBase.java:170)
		at org.apache.catalina.core.ContainerBase.addChildInternal(ContainerBase.java:616)
		... 37 more
	Caused by: java.lang.IllegalArgumentException: The main resource set specified [D:\SpringAOP&MVC&Boot\MVC\mvcAnnottation\webapps\mvcAnnottation] is not a directory or war file, or is not readable (it does not exist or permissions to access it are missing)
		at org.apache.catalina.webresources.StandardRoot.createMainResourceSet(StandardRoot.java:822)
		at org.apache.catalina.webresources.StandardRoot.startInternal(StandardRoot.java:774)
		at org.apache.catalina.util.LifecycleBase.start(LifecycleBase.java:170)
		... 41 more
02-Oct-2026 00:05:04.976 INFO [main] org.apache.catalina.startup.HostConfig.deployDescriptor Deployment of deployment descriptor [D:\SpringAOP&MVC&Boot\MVC\mvcAnnottation\conf\Catalina\localhost\mvcAnnottation.xml] has finished in [182] ms
02-Oct-2026 00:05:04.982 INFO [main] org.apache.coyote.AbstractProtocol.start Starting ProtocolHandler ["http-nio-8080"]
02-Oct-2026 00:05:05.105 INFO [main] org.apache.catalina.startup.Catalina.start Server startup in [407] milliseconds
02-Oct-2026 00:05:14.487 INFO [Thread-1] org.apache.coyote.AbstractProtocol.pause Pausing ProtocolHandler ["http-nio-8080"]
02-Oct-2026 00:05:14.690 INFO [Thread-1] org.apache.catalina.core.StandardService.stopInternal Stopping service [Catalina]
02-Oct-2026 00:05:14.693 INFO [Thread-1] org.apache.coyote.AbstractProtocol.stop Stopping ProtocolHandler ["http-nio-8080"]
02-Oct-2026 00:05:14.703 INFO [Thread-1] org.apache.coyote.AbstractProtocol.destroy Destroying ProtocolHandler ["http-nio-8080"]
02-Oct-2026 00:12:13.477 INFO [main] org.apache.catalina.startup.VersionLoggerListener.log Server version name:   Apache Tomcat/10.1.59
02-Oct-2026 00:12:13.489 INFO [main] org.apache.catalina.startup.VersionLoggerListener.log Server built:          Aug 13 2026 16:59:10 UTC
02-Oct-2026 00:12:13.491 INFO [main] org.apache.catalina.startup.VersionLoggerListener.log Server version number: 10.1.59.0
02-Oct-2026 00:12:13.491 INFO [main] org.apache.catalina.startup.VersionLoggerListener.log OS Name:               Windows 10
02-Oct-2026 00:12:13.491 INFO [main] org.apache.catalina.startup.VersionLoggerListener.log OS Version:            10.0
02-Oct-2026 00:12:13.491 INFO [main] org.apache.catalina.startup.VersionLoggerListener.log Architecture:          amd64
02-Oct-2026 00:12:13.491 INFO [main] org.apache.catalina.startup.VersionLoggerListener.log Java Home:             C:\Program Files\Java\jdk-17
02-Oct-2026 00:12:13.491 INFO [main] org.apache.catalina.startup.VersionLoggerListener.log JVM Version:           17.0.16+12-LTS-247
02-Oct-2026 00:12:13.491 INFO [main] org.apache.catalina.startup.VersionLoggerListener.log JVM Vendor:            Oracle Corporation
02-Oct-2026 00:12:13.492 INFO [main] org.apache.catalina.startup.VersionLoggerListener.log CATALINA_BASE:         D:\SpringAOP&MVC&Boot\MVC\mvcAnnottation
02-Oct-2026 00:12:13.492 INFO [main] org.apache.catalina.startup.VersionLoggerListener.log CATALINA_HOME:         C:\Users\gamaleldeen\OneDrive\Documents\apache-tomcat-10.1.59
02-Oct-2026 00:12:13.505 INFO [main] org.apache.catalina.startup.VersionLoggerListener.log Command line argument: --add-opens=java.base/java.lang=ALL-UNNAMED
02-Oct-2026 00:12:13.505 INFO [main] org.apache.catalina.startup.VersionLoggerListener.log Command line argument: --add-opens=java.base/java.io=ALL-UNNAMED
02-Oct-2026 00:12:13.505 INFO [main] org.apache.catalina.startup.VersionLoggerListener.log Command line argument: --add-opens=java.base/java.util=ALL-UNNAMED
02-Oct-2026 00:12:13.506 INFO [main] org.apache.catalina.startup.VersionLoggerListener.log Command line argument: --add-opens=java.base/java.util.concurrent=ALL-UNNAMED
02-Oct-2026 00:12:13.506 INFO [main] org.apache.catalina.startup.VersionLoggerListener.log Command line argument: --add-opens=java.rmi/sun.rmi.transport=ALL-UNNAMED
02-Oct-2026 00:12:13.506 INFO [main] org.apache.catalina.startup.VersionLoggerListener.log Command line argument: -Dcatalina.home=C:\Users\gamaleldeen\OneDrive\Documents\apache-tomcat-10.1.59
02-Oct-2026 00:12:13.506 INFO [main] org.apache.catalina.startup.VersionLoggerListener.log Command line argument: -Dcatalina.base=D:\SpringAOP&MVC&Boot\MVC\mvcAnnottation
02-Oct-2026 00:12:13.506 INFO [main] org.apache.catalina.startup.VersionLoggerListener.log Command line argument: -Djava.io.tmpdir=D:\SpringAOP&MVC&Boot\MVC\mvcAnnottation\temp
02-Oct-2026 00:12:13.507 INFO [main] org.apache.catalina.startup.VersionLoggerListener.log Command line argument: -Djava.util.logging.config.file=D:\SpringAOP&MVC&Boot\MVC\mvcAnnottation\conf\logging.properties
02-Oct-2026 00:12:13.507 INFO [main] org.apache.catalina.startup.VersionLoggerListener.log Command line argument: -Djava.util.logging.manager=org.apache.juli.ClassLoaderLogManager
02-Oct-2026 00:12:13.507 INFO [main] org.apache.catalina.startup.VersionLoggerListener.log Command line argument: -javaagent:C:\Program Files\JetBrains\IntelliJ IDEA Community Edition 2025.1.3\lib\idea_rt.jar=11221
02-Oct-2026 00:12:13.507 INFO [main] org.apache.catalina.startup.VersionLoggerListener.log Command line argument: -Dfile.encoding=UTF-8
02-Oct-2026 00:12:13.521 INFO [main] org.apache.catalina.core.AprLifecycleListener.lifecycleEvent Loaded Apache Tomcat Native library [2.0.15] using APR version [1.7.6].
02-Oct-2026 00:12:13.566 INFO [main] org.apache.catalina.core.AprLifecycleListener.initializeSSL OpenSSL successfully initialized [OpenSSL 3.5.7 9 Jun 2026]
02-Oct-2026 00:12:14.105 INFO [main] org.apache.coyote.AbstractProtocol.init Initializing ProtocolHandler ["http-nio-8080"]
02-Oct-2026 00:12:14.142 INFO [main] org.apache.catalina.startup.Catalina.load Server initialization in [1164] milliseconds
02-Oct-2026 00:12:14.232 INFO [main] org.apache.catalina.core.StandardService.startInternal Starting service [Catalina]
02-Oct-2026 00:12:14.232 INFO [main] org.apache.catalina.core.StandardEngine.startInternal Starting Servlet engine: [Apache Tomcat/10.1.59]
02-Oct-2026 00:12:14.257 INFO [main] org.apache.catalina.startup.HostConfig.deployDescriptor Deploying deployment descriptor [D:\SpringAOP&MVC&Boot\MVC\mvcAnnottation\conf\Catalina\localhost\mvcAnnottation.xml]
02-Oct-2026 00:12:14.314 WARNING [main] org.apache.catalina.startup.HostConfig.deployDescriptor A docBase [D:\SpringAOP&MVC&Boot\MVC\mvcAnnottation\webapps] inside the host appBase has been specified, and will be ignored
02-Oct-2026 00:12:14.419 SEVERE [main] org.apache.catalina.startup.HostConfig.deployDescriptor Error deploying deployment descriptor [D:\SpringAOP&MVC&Boot\MVC\mvcAnnottation\conf\Catalina\localhost\mvcAnnottation.xml]
	java.lang.IllegalStateException: Error starting child
		at org.apache.catalina.core.ContainerBase.addChildInternal(ContainerBase.java:619)
		at org.apache.catalina.core.ContainerBase.addChild(ContainerBase.java:588)
		at org.apache.catalina.core.StandardHost.addChild(StandardHost.java:679)
		at org.apache.catalina.startup.HostConfig.deployDescriptor(HostConfig.java:668)
		at org.apache.catalina.startup.HostConfig$DeployDescriptor.run(HostConfig.java:1912)
		at java.base/java.util.concurrent.Executors$RunnableAdapter.call(Executors.java:539)
		at java.base/java.util.concurrent.FutureTask.run(FutureTask.java:264)
		at org.apache.tomcat.util.threads.InlineExecutorService.execute(InlineExecutorService.java:92)
		at java.base/java.util.concurrent.AbstractExecutorService.submit(AbstractExecutorService.java:123)
		at org.apache.catalina.startup.HostConfig.deployDescriptors(HostConfig.java:556)
		at org.apache.catalina.startup.HostConfig.deployApps(HostConfig.java:447)
		at org.apache.catalina.startup.HostConfig.start(HostConfig.java:1646)
		at org.apache.catalina.startup.HostConfig.lifecycleEvent(HostConfig.java:324)
		at org.apache.catalina.util.LifecycleBase.fireLifecycleEvent(LifecycleBase.java:115)
		at org.apache.catalina.util.LifecycleBase.setStateInternal(LifecycleBase.java:395)
		at org.apache.catalina.util.LifecycleBase.setState(LifecycleBase.java:342)
		at org.apache.catalina.core.ContainerBase.startInternal(ContainerBase.java:792)
		at org.apache.catalina.core.StandardHost.startInternal(StandardHost.java:797)
		at org.apache.catalina.util.LifecycleBase.start(LifecycleBase.java:170)
		at org.apache.catalina.core.ContainerBase$StartChild.call(ContainerBase.java:1243)
		at org.apache.catalina.core.ContainerBase$StartChild.call(ContainerBase.java:1233)
		at java.base/java.util.concurrent.FutureTask.run(FutureTask.java:264)
		at org.apache.tomcat.util.threads.InlineExecutorService.execute(InlineExecutorService.java:92)
		at java.base/java.util.concurrent.AbstractExecutorService.submit(AbstractExecutorService.java:145)
		at org.apache.catalina.core.ContainerBase.startInternal(ContainerBase.java:765)
		at org.apache.catalina.core.StandardEngine.startInternal(StandardEngine.java:201)
		at org.apache.catalina.util.LifecycleBase.start(LifecycleBase.java:170)
		at org.apache.catalina.core.StandardService.startInternal(StandardService.java:433)
		at org.apache.catalina.util.LifecycleBase.start(LifecycleBase.java:170)
		at org.apache.catalina.core.StandardServer.startInternal(StandardServer.java:875)
		at org.apache.catalina.util.LifecycleBase.start(LifecycleBase.java:170)
		at org.apache.catalina.startup.Catalina.start(Catalina.java:885)
		at java.base/jdk.internal.reflect.NativeMethodAccessorImpl.invoke0(Native Method)
		at java.base/jdk.internal.reflect.NativeMethodAccessorImpl.invoke(NativeMethodAccessorImpl.java:77)
		at java.base/jdk.internal.reflect.DelegatingMethodAccessorImpl.invoke(DelegatingMethodAccessorImpl.java:43)
		at java.base/java.lang.reflect.Method.invoke(Method.java:568)
		at org.apache.catalina.startup.Bootstrap.start(Bootstrap.java:348)
		at org.apache.catalina.startup.Bootstrap.main(Bootstrap.java:485)
	Caused by: org.apache.catalina.LifecycleException: Failed to start component [org.apache.catalina.webresources.StandardRoot@34129c78]
		at org.apache.catalina.util.LifecycleBase.handleSubClassException(LifecycleBase.java:410)
		at org.apache.catalina.util.LifecycleBase.start(LifecycleBase.java:185)
		at org.apache.catalina.core.StandardContext.resourcesStart(StandardContext.java:4336)
		at org.apache.catalina.core.StandardContext.startInternal(StandardContext.java:4458)
		at org.apache.catalina.util.LifecycleBase.start(LifecycleBase.java:170)
		at org.apache.catalina.core.ContainerBase.addChildInternal(ContainerBase.java:616)
		... 37 more
	Caused by: java.lang.IllegalArgumentException: The main resource set specified [D:\SpringAOP&MVC&Boot\MVC\mvcAnnottation\webapps\mvcAnnottation] is not a directory or war file, or is not readable (it does not exist or permissions to access it are missing)
		at org.apache.catalina.webresources.StandardRoot.createMainResourceSet(StandardRoot.java:822)
		at org.apache.catalina.webresources.StandardRoot.startInternal(StandardRoot.java:774)
		at org.apache.catalina.util.LifecycleBase.start(LifecycleBase.java:170)
		... 41 more
02-Oct-2026 00:12:14.429 INFO [main] org.apache.catalina.startup.HostConfig.deployDescriptor Deployment of deployment descriptor [D:\SpringAOP&MVC&Boot\MVC\mvcAnnottation\conf\Catalina\localhost\mvcAnnottation.xml] has finished in [170] ms
02-Oct-2026 00:12:14.435 INFO [main] org.apache.coyote.AbstractProtocol.start Starting ProtocolHandler ["http-nio-8080"]
02-Oct-2026 00:12:14.623 INFO [main] org.apache.catalina.startup.Catalina.start Server startup in [481] milliseconds
02-Oct-2026 00:14:42.269 INFO [Thread-1] org.apache.coyote.AbstractProtocol.pause Pausing ProtocolHandler ["http-nio-8080"]
02-Oct-2026 00:14:43.175 INFO [Thread-1] org.apache.catalina.core.StandardService.stopInternal Stopping service [Catalina]
02-Oct-2026 00:14:43.180 INFO [Thread-1] org.apache.coyote.AbstractProtocol.stop Stopping ProtocolHandler ["http-nio-8080"]
02-Oct-2026 00:14:43.188 INFO [Thread-1] org.apache.coyote.AbstractProtocol.destroy Destroying ProtocolHandler ["http-nio-8080"]
02-Oct-2026 00:21:35.513 INFO [main] org.apache.catalina.startup.VersionLoggerListener.log Server version name:   Apache Tomcat/10.1.59
02-Oct-2026 00:21:35.524 INFO [main] org.apache.catalina.startup.VersionLoggerListener.log Server built:          Aug 13 2026 16:59:10 UTC
02-Oct-2026 00:21:35.524 INFO [main] org.apache.catalina.startup.VersionLoggerListener.log Server version number: 10.1.59.0
02-Oct-2026 00:21:35.525 INFO [main] org.apache.catalina.startup.VersionLoggerListener.log OS Name:               Windows 10
02-Oct-2026 00:21:35.526 INFO [main] org.apache.catalina.startup.VersionLoggerListener.log OS Version:            10.0
02-Oct-2026 00:21:35.526 INFO [main] org.apache.catalina.startup.VersionLoggerListener.log Architecture:          amd64
02-Oct-2026 00:21:35.527 INFO [main] org.apache.catalina.startup.VersionLoggerListener.log Java Home:             C:\Program Files\Java\jdk-17
02-Oct-2026 00:21:35.527 INFO [main] org.apache.catalina.startup.VersionLoggerListener.log JVM Version:           17.0.16+12-LTS-247
02-Oct-2026 00:21:35.527 INFO [main] org.apache.catalina.startup.VersionLoggerListener.log JVM Vendor:            Oracle Corporation
02-Oct-2026 00:21:35.527 INFO [main] org.apache.catalina.startup.VersionLoggerListener.log CATALINA_BASE:         D:\SpringAOP&MVC&Boot\MVC\mvcAnnottation
02-Oct-2026 00:21:35.527 INFO [main] org.apache.catalina.startup.VersionLoggerListener.log CATALINA_HOME:         C:\Users\gamaleldeen\OneDrive\Documents\apache-tomcat-10.1.59
02-Oct-2026 00:21:35.542 INFO [main] org.apache.catalina.startup.VersionLoggerListener.log Command line argument: --add-opens=java.base/java.lang=ALL-UNNAMED
02-Oct-2026 00:21:35.542 INFO [main] org.apache.catalina.startup.VersionLoggerListener.log Command line argument: --add-opens=java.base/java.io=ALL-UNNAMED
02-Oct-2026 00:21:35.542 INFO [main] org.apache.catalina.startup.VersionLoggerListener.log Command line argument: --add-opens=java.base/java.util=ALL-UNNAMED
02-Oct-2026 00:21:35.542 INFO [main] org.apache.catalina.startup.VersionLoggerListener.log Command line argument: --add-opens=java.base/java.util.concurrent=ALL-UNNAMED
02-Oct-2026 00:21:35.542 INFO [main] org.apache.catalina.startup.VersionLoggerListener.log Command line argument: --add-opens=java.rmi/sun.rmi.transport=ALL-UNNAMED
02-Oct-2026 00:21:35.542 INFO [main] org.apache.catalina.startup.VersionLoggerListener.log Command line argument: -Dcatalina.home=C:\Users\gamaleldeen\OneDrive\Documents\apache-tomcat-10.1.59
02-Oct-2026 00:21:35.543 INFO [main] org.apache.catalina.startup.VersionLoggerListener.log Command line argument: -Dcatalina.base=D:\SpringAOP&MVC&Boot\MVC\mvcAnnottation
02-Oct-2026 00:21:35.543 INFO [main] org.apache.catalina.startup.VersionLoggerListener.log Command line argument: -Djava.io.tmpdir=D:\SpringAOP&MVC&Boot\MVC\mvcAnnottation\temp
02-Oct-2026 00:21:35.543 INFO [main] org.apache.catalina.startup.VersionLoggerListener.log Command line argument: -Djava.util.logging.config.file=D:\SpringAOP&MVC&Boot\MVC\mvcAnnottation\conf\logging.properties
02-Oct-2026 00:21:35.543 INFO [main] org.apache.catalina.startup.VersionLoggerListener.log Command line argument: -Djava.util.logging.manager=org.apache.juli.ClassLoaderLogManager
02-Oct-2026 00:21:35.543 INFO [main] org.apache.catalina.startup.VersionLoggerListener.log Command line argument: -javaagent:C:\Program Files\JetBrains\IntelliJ IDEA Community Edition 2025.1.3\lib\idea_rt.jar=11339
02-Oct-2026 00:21:35.543 INFO [main] org.apache.catalina.startup.VersionLoggerListener.log Command line argument: -Dfile.encoding=UTF-8
02-Oct-2026 00:21:35.558 INFO [main] org.apache.catalina.core.AprLifecycleListener.lifecycleEvent Loaded Apache Tomcat Native library [2.0.15] using APR version [1.7.6].
02-Oct-2026 00:21:35.604 INFO [main] org.apache.catalina.core.AprLifecycleListener.initializeSSL OpenSSL successfully initialized [OpenSSL 3.5.7 9 Jun 2026]
02-Oct-2026 00:21:36.147 INFO [main] org.apache.coyote.AbstractProtocol.init Initializing ProtocolHandler ["http-nio-8080"]
02-Oct-2026 00:21:36.192 INFO [main] org.apache.catalina.startup.Catalina.load Server initialization in [1123] milliseconds
02-Oct-2026 00:21:36.296 INFO [main] org.apache.catalina.core.StandardService.startInternal Starting service [Catalina]
02-Oct-2026 00:21:36.296 INFO [main] org.apache.catalina.core.StandardEngine.startInternal Starting Servlet engine: [Apache Tomcat/10.1.59]
02-Oct-2026 00:21:36.322 INFO [main] org.apache.catalina.startup.HostConfig.deployDescriptor Deploying deployment descriptor [D:\SpringAOP&MVC&Boot\MVC\mvcAnnottation\conf\Catalina\localhost\mvcAnnottation.xml]
02-Oct-2026 00:21:36.385 WARNING [main] org.apache.catalina.startup.HostConfig.deployDescriptor A docBase [D:\SpringAOP&MVC&Boot\MVC\mvcAnnottation\webapps] inside the host appBase has been specified, and will be ignored
02-Oct-2026 00:21:36.484 SEVERE [main] org.apache.catalina.startup.HostConfig.deployDescriptor Error deploying deployment descriptor [D:\SpringAOP&MVC&Boot\MVC\mvcAnnottation\conf\Catalina\localhost\mvcAnnottation.xml]
	java.lang.IllegalStateException: Error starting child
		at org.apache.catalina.core.ContainerBase.addChildInternal(ContainerBase.java:619)
		at org.apache.catalina.core.ContainerBase.addChild(ContainerBase.java:588)
		at org.apache.catalina.core.StandardHost.addChild(StandardHost.java:679)
		at org.apache.catalina.startup.HostConfig.deployDescriptor(HostConfig.java:668)
		at org.apache.catalina.startup.HostConfig$DeployDescriptor.run(HostConfig.java:1912)
		at java.base/java.util.concurrent.Executors$RunnableAdapter.call(Executors.java:539)
		at java.base/java.util.concurrent.FutureTask.run(FutureTask.java:264)
		at org.apache.tomcat.util.threads.InlineExecutorService.execute(InlineExecutorService.java:92)
		at java.base/java.util.concurrent.AbstractExecutorService.submit(AbstractExecutorService.java:123)
		at org.apache.catalina.startup.HostConfig.deployDescriptors(HostConfig.java:556)
		at org.apache.catalina.startup.HostConfig.deployApps(HostConfig.java:447)
		at org.apache.catalina.startup.HostConfig.start(HostConfig.java:1646)
		at org.apache.catalina.startup.HostConfig.lifecycleEvent(HostConfig.java:324)
		at org.apache.catalina.util.LifecycleBase.fireLifecycleEvent(LifecycleBase.java:115)
		at org.apache.catalina.util.LifecycleBase.setStateInternal(LifecycleBase.java:395)
		at org.apache.catalina.util.LifecycleBase.setState(LifecycleBase.java:342)
		at org.apache.catalina.core.ContainerBase.startInternal(ContainerBase.java:792)
		at org.apache.catalina.core.StandardHost.startInternal(StandardHost.java:797)
		at org.apache.catalina.util.LifecycleBase.start(LifecycleBase.java:170)
		at org.apache.catalina.core.ContainerBase$StartChild.call(ContainerBase.java:1243)
		at org.apache.catalina.core.ContainerBase$StartChild.call(ContainerBase.java:1233)
		at java.base/java.util.concurrent.FutureTask.run(FutureTask.java:264)
		at org.apache.tomcat.util.threads.InlineExecutorService.execute(InlineExecutorService.java:92)
		at java.base/java.util.concurrent.AbstractExecutorService.submit(AbstractExecutorService.java:145)
		at org.apache.catalina.core.ContainerBase.startInternal(ContainerBase.java:765)
		at org.apache.catalina.core.StandardEngine.startInternal(StandardEngine.java:201)
		at org.apache.catalina.util.LifecycleBase.start(LifecycleBase.java:170)
		at org.apache.catalina.core.StandardService.startInternal(StandardService.java:433)
		at org.apache.catalina.util.LifecycleBase.start(LifecycleBase.java:170)
		at org.apache.catalina.core.StandardServer.startInternal(StandardServer.java:875)
		at org.apache.catalina.util.LifecycleBase.start(LifecycleBase.java:170)
		at org.apache.catalina.startup.Catalina.start(Catalina.java:885)
		at java.base/jdk.internal.reflect.NativeMethodAccessorImpl.invoke0(Native Method)
		at java.base/jdk.internal.reflect.NativeMethodAccessorImpl.invoke(NativeMethodAccessorImpl.java:77)
		at java.base/jdk.internal.reflect.DelegatingMethodAccessorImpl.invoke(DelegatingMethodAccessorImpl.java:43)
		at java.base/java.lang.reflect.Method.invoke(Method.java:568)
		at org.apache.catalina.startup.Bootstrap.start(Bootstrap.java:348)
		at org.apache.catalina.startup.Bootstrap.main(Bootstrap.java:485)
	Caused by: org.apache.catalina.LifecycleException: Failed to start component [org.apache.catalina.webresources.StandardRoot@34129c78]
		at org.apache.catalina.util.LifecycleBase.handleSubClassException(LifecycleBase.java:410)
		at org.apache.catalina.util.LifecycleBase.start(LifecycleBase.java:185)
		at org.apache.catalina.core.StandardContext.resourcesStart(StandardContext.java:4336)
		at org.apache.catalina.core.StandardContext.startInternal(StandardContext.java:4458)
		at org.apache.catalina.util.LifecycleBase.start(LifecycleBase.java:170)
		at org.apache.catalina.core.ContainerBase.addChildInternal(ContainerBase.java:616)
		... 37 more
	Caused by: java.lang.IllegalArgumentException: The main resource set specified [D:\SpringAOP&MVC&Boot\MVC\mvcAnnottation\webapps\mvcAnnottation] is not a directory or war file, or is not readable (it does not exist or permissions to access it are missing)
		at org.apache.catalina.webresources.StandardRoot.createMainResourceSet(StandardRoot.java:822)
		at org.apache.catalina.webresources.StandardRoot.startInternal(StandardRoot.java:774)
		at org.apache.catalina.util.LifecycleBase.start(LifecycleBase.java:170)
		... 41 more
02-Oct-2026 00:21:36.495 INFO [main] org.apache.catalina.startup.HostConfig.deployDescriptor Deployment of deployment descriptor [D:\SpringAOP&MVC&Boot\MVC\mvcAnnottation\conf\Catalina\localhost\mvcAnnottation.xml] has finished in [171] ms
02-Oct-2026 00:21:36.503 INFO [main] org.apache.coyote.AbstractProtocol.start Starting ProtocolHandler ["http-nio-8080"]
02-Oct-2026 00:21:36.714 INFO [main] org.apache.catalina.startup.Catalina.start Server startup in [520] milliseconds
02-Oct-2026 00:22:38.113 INFO [Thread-1] org.apache.coyote.AbstractProtocol.pause Pausing ProtocolHandler ["http-nio-8080"]
02-Oct-2026 00:22:38.315 INFO [Thread-1] org.apache.catalina.core.StandardService.stopInternal Stopping service [Catalina]
02-Oct-2026 00:22:38.316 INFO [Thread-1] org.apache.coyote.AbstractProtocol.stop Stopping ProtocolHandler ["http-nio-8080"]
02-Oct-2026 00:22:38.325 INFO [Thread-1] org.apache.coyote.AbstractProtocol.destroy Destroying ProtocolHandler ["http-nio-8080"]
02-Oct-2026 00:23:23.870 INFO [main] org.apache.catalina.startup.VersionLoggerListener.log Server version name:   Apache Tomcat/10.1.59
02-Oct-2026 00:23:23.878 INFO [main] org.apache.catalina.startup.VersionLoggerListener.log Server built:          Aug 13 2026 16:59:10 UTC
02-Oct-2026 00:23:23.878 INFO [main] org.apache.catalina.startup.VersionLoggerListener.log Server version number: 10.1.59.0
02-Oct-2026 00:23:23.879 INFO [main] org.apache.catalina.startup.VersionLoggerListener.log OS Name:               Windows 10
02-Oct-2026 00:23:23.879 INFO [main] org.apache.catalina.startup.VersionLoggerListener.log OS Version:            10.0
02-Oct-2026 00:23:23.879 INFO [main] org.apache.catalina.startup.VersionLoggerListener.log Architecture:          amd64
02-Oct-2026 00:23:23.879 INFO [main] org.apache.catalina.startup.VersionLoggerListener.log Java Home:             C:\Program Files\Java\jdk-17
02-Oct-2026 00:23:23.879 INFO [main] org.apache.catalina.startup.VersionLoggerListener.log JVM Version:           17.0.16+12-LTS-247
02-Oct-2026 00:23:23.880 INFO [main] org.apache.catalina.startup.VersionLoggerListener.log JVM Vendor:            Oracle Corporation
02-Oct-2026 00:23:23.880 INFO [main] org.apache.catalina.startup.VersionLoggerListener.log CATALINA_BASE:         D:\SpringAOP&MVC&Boot\MVC\mvcAnnottation
02-Oct-2026 00:23:23.881 INFO [main] org.apache.catalina.startup.VersionLoggerListener.log CATALINA_HOME:         C:\Users\gamaleldeen\OneDrive\Documents\apache-tomcat-10.1.59
02-Oct-2026 00:23:23.983 INFO [main] org.apache.catalina.startup.VersionLoggerListener.log Command line argument: --add-opens=java.base/java.lang=ALL-UNNAMED
02-Oct-2026 00:23:23.984 INFO [main] org.apache.catalina.startup.VersionLoggerListener.log Command line argument: --add-opens=java.base/java.io=ALL-UNNAMED
02-Oct-2026 00:23:23.984 INFO [main] org.apache.catalina.startup.VersionLoggerListener.log Command line argument: --add-opens=java.base/java.util=ALL-UNNAMED
02-Oct-2026 00:23:23.984 INFO [main] org.apache.catalina.startup.VersionLoggerListener.log Command line argument: --add-opens=java.base/java.util.concurrent=ALL-UNNAMED
02-Oct-2026 00:23:23.984 INFO [main] org.apache.catalina.startup.VersionLoggerListener.log Command line argument: --add-opens=java.rmi/sun.rmi.transport=ALL-UNNAMED
02-Oct-2026 00:23:23.984 INFO [main] org.apache.catalina.startup.VersionLoggerListener.log Command line argument: -Dcatalina.home=C:\Users\gamaleldeen\OneDrive\Documents\apache-tomcat-10.1.59
02-Oct-2026 00:23:23.984 INFO [main] org.apache.catalina.startup.VersionLoggerListener.log Command line argument: -Dcatalina.base=D:\SpringAOP&MVC&Boot\MVC\mvcAnnottation
02-Oct-2026 00:23:23.985 INFO [main] org.apache.catalina.startup.VersionLoggerListener.log Command line argument: -Djava.io.tmpdir=D:\SpringAOP&MVC&Boot\MVC\mvcAnnottation\temp
02-Oct-2026 00:23:23.985 INFO [main] org.apache.catalina.startup.VersionLoggerListener.log Command line argument: -Djava.util.logging.config.file=D:\SpringAOP&MVC&Boot\MVC\mvcAnnottation\conf\logging.properties
02-Oct-2026 00:23:23.985 INFO [main] org.apache.catalina.startup.VersionLoggerListener.log Command line argument: -Djava.util.logging.manager=org.apache.juli.ClassLoaderLogManager
02-Oct-2026 00:23:23.985 INFO [main] org.apache.catalina.startup.VersionLoggerListener.log Command line argument: -javaagent:C:\Program Files\JetBrains\IntelliJ IDEA Community Edition 2025.1.3\lib\idea_rt.jar=11352
02-Oct-2026 00:23:23.985 INFO [main] org.apache.catalina.startup.VersionLoggerListener.log Command line argument: -Dfile.encoding=UTF-8
02-Oct-2026 00:23:24.127 INFO [main] org.apache.catalina.core.AprLifecycleListener.lifecycleEvent Loaded Apache Tomcat Native library [2.0.15] using APR version [1.7.6].
02-Oct-2026 00:23:24.512 INFO [main] org.apache.catalina.core.AprLifecycleListener.initializeSSL OpenSSL successfully initialized [OpenSSL 3.5.7 9 Jun 2026]
02-Oct-2026 00:23:26.015 INFO [main] org.apache.coyote.AbstractProtocol.init Initializing ProtocolHandler ["http-nio-8080"]
02-Oct-2026 00:23:26.185 INFO [main] org.apache.catalina.startup.Catalina.load Server initialization in [3092] milliseconds
02-Oct-2026 00:23:26.372 INFO [main] org.apache.catalina.core.StandardService.startInternal Starting service [Catalina]
02-Oct-2026 00:23:26.373 INFO [main] org.apache.catalina.core.StandardEngine.startInternal Starting Servlet engine: [Apache Tomcat/10.1.59]
02-Oct-2026 00:23:26.406 INFO [main] org.apache.catalina.startup.HostConfig.deployDescriptor Deploying deployment descriptor [D:\SpringAOP&MVC&Boot\MVC\mvcAnnottation\conf\Catalina\localhost\mvcAnnottation.xml]
02-Oct-2026 00:23:31.024 INFO [main] org.apache.jasper.servlet.TldScanner.scanJars At least one JAR was scanned for TLDs yet contained no TLDs. Enable debug logging for this logger for a complete list of JARs that were scanned but no TLDs were found in them. Skipping unneeded JARs during scanning can improve startup time and JSP compilation time.
02-Oct-2026 00:23:35.135 INFO [main] org.apache.catalina.startup.HostConfig.deployDescriptor Deployment of deployment descriptor [D:\SpringAOP&MVC&Boot\MVC\mvcAnnottation\conf\Catalina\localhost\mvcAnnottation.xml] has finished in [8,728] ms
02-Oct-2026 00:23:35.141 INFO [main] org.apache.coyote.AbstractProtocol.start Starting ProtocolHandler ["http-nio-8080"]
02-Oct-2026 00:23:35.190 INFO [main] org.apache.catalina.startup.Catalina.start Server startup in [9005] milliseconds
02-Oct-2026 01:45:13.165 INFO [Thread-1] org.apache.coyote.AbstractProtocol.pause Pausing ProtocolHandler ["http-nio-8080"]
02-Oct-2026 01:45:13.660 INFO [Thread-1] org.apache.catalina.core.StandardService.stopInternal Stopping service [Catalina]
02-Oct-2026 01:45:15.396 INFO [Thread-1] org.apache.coyote.AbstractProtocol.stop Stopping ProtocolHandler ["http-nio-8080"]
02-Oct-2026 01:45:15.430 INFO [Thread-1] org.apache.coyote.AbstractProtocol.destroy Destroying ProtocolHandler ["http-nio-8080"]
02-Oct-2026 02:04:15.142 INFO [main] org.apache.catalina.startup.VersionLoggerListener.log Server version name:   Apache Tomcat/10.1.59
02-Oct-2026 02:04:15.154 INFO [main] org.apache.catalina.startup.VersionLoggerListener.log Server built:          Aug 13 2026 16:59:10 UTC
02-Oct-2026 02:04:15.154 INFO [main] org.apache.catalina.startup.VersionLoggerListener.log Server version number: 10.1.59.0
02-Oct-2026 02:04:15.154 INFO [main] org.apache.catalina.startup.VersionLoggerListener.log OS Name:               Windows 10
02-Oct-2026 02:04:15.154 INFO [main] org.apache.catalina.startup.VersionLoggerListener.log OS Version:            10.0
02-Oct-2026 02:04:15.154 INFO [main] org.apache.catalina.startup.VersionLoggerListener.log Architecture:          amd64
02-Oct-2026 02:04:15.155 INFO [main] org.apache.catalina.startup.VersionLoggerListener.log Java Home:             C:\Program Files\Java\jdk-17
02-Oct-2026 02:04:15.155 INFO [main] org.apache.catalina.startup.VersionLoggerListener.log JVM Version:           17.0.16+12-LTS-247
02-Oct-2026 02:04:15.155 INFO [main] org.apache.catalina.startup.VersionLoggerListener.log JVM Vendor:            Oracle Corporation
02-Oct-2026 02:04:15.155 INFO [main] org.apache.catalina.startup.VersionLoggerListener.log CATALINA_BASE:         D:\SpringAOP&MVC&Boot\MVC\mvcAnnottation
02-Oct-2026 02:04:15.155 INFO [main] org.apache.catalina.startup.VersionLoggerListener.log CATALINA_HOME:         C:\Users\gamaleldeen\OneDrive\Documents\apache-tomcat-10.1.59
02-Oct-2026 02:04:15.178 INFO [main] org.apache.catalina.startup.VersionLoggerListener.log Command line argument: --add-opens=java.base/java.lang=ALL-UNNAMED
02-Oct-2026 02:04:15.178 INFO [main] org.apache.catalina.startup.VersionLoggerListener.log Command line argument: --add-opens=java.base/java.io=ALL-UNNAMED
02-Oct-2026 02:04:15.178 INFO [main] org.apache.catalina.startup.VersionLoggerListener.log Command line argument: --add-opens=java.base/java.util=ALL-UNNAMED
02-Oct-2026 02:04:15.178 INFO [main] org.apache.catalina.startup.VersionLoggerListener.log Command line argument: --add-opens=java.base/java.util.concurrent=ALL-UNNAMED
02-Oct-2026 02:04:15.179 INFO [main] org.apache.catalina.startup.VersionLoggerListener.log Command line argument: --add-opens=java.rmi/sun.rmi.transport=ALL-UNNAMED
02-Oct-2026 02:04:15.179 INFO [main] org.apache.catalina.startup.VersionLoggerListener.log Command line argument: -Dcatalina.home=C:\Users\gamaleldeen\OneDrive\Documents\apache-tomcat-10.1.59
02-Oct-2026 02:04:15.179 INFO [main] org.apache.catalina.startup.VersionLoggerListener.log Command line argument: -Dcatalina.base=D:\SpringAOP&MVC&Boot\MVC\mvcAnnottation
02-Oct-2026 02:04:15.179 INFO [main] org.apache.catalina.startup.VersionLoggerListener.log Command line argument: -Djava.io.tmpdir=D:\SpringAOP&MVC&Boot\MVC\mvcAnnottation\temp
02-Oct-2026 02:04:15.179 INFO [main] org.apache.catalina.startup.VersionLoggerListener.log Command line argument: -Djava.util.logging.config.file=D:\SpringAOP&MVC&Boot\MVC\mvcAnnottation\conf\logging.properties
02-Oct-2026 02:04:15.179 INFO [main] org.apache.catalina.startup.VersionLoggerListener.log Command line argument: -Djava.util.logging.manager=org.apache.juli.ClassLoaderLogManager
02-Oct-2026 02:04:15.179 INFO [main] org.apache.catalina.startup.VersionLoggerListener.log Command line argument: -javaagent:C:\Program Files\JetBrains\IntelliJ IDEA Community Edition 2025.1.3\lib\idea_rt.jar=11708
02-Oct-2026 02:04:15.180 INFO [main] org.apache.catalina.startup.VersionLoggerListener.log Command line argument: -Dfile.encoding=UTF-8
02-Oct-2026 02:04:15.194 INFO [main] org.apache.catalina.core.AprLifecycleListener.lifecycleEvent Loaded Apache Tomcat Native library [2.0.15] using APR version [1.7.6].
02-Oct-2026 02:04:15.236 INFO [main] org.apache.catalina.core.AprLifecycleListener.initializeSSL OpenSSL successfully initialized [OpenSSL 3.5.7 9 Jun 2026]
02-Oct-2026 02:04:15.786 INFO [main] org.apache.coyote.AbstractProtocol.init Initializing ProtocolHandler ["http-nio-8080"]
02-Oct-2026 02:04:15.814 INFO [main] org.apache.catalina.startup.Catalina.load Server initialization in [1135] milliseconds
02-Oct-2026 02:04:15.910 INFO [main] org.apache.catalina.core.StandardService.startInternal Starting service [Catalina]
02-Oct-2026 02:04:15.910 INFO [main] org.apache.catalina.core.StandardEngine.startInternal Starting Servlet engine: [Apache Tomcat/10.1.59]
02-Oct-2026 02:04:15.934 INFO [main] org.apache.catalina.startup.HostConfig.deployDescriptor Deploying deployment descriptor [D:\SpringAOP&MVC&Boot\MVC\mvcAnnottation\conf\Catalina\localhost\mvcAnnottation.xml]
02-Oct-2026 02:04:21.307 INFO [main] org.apache.jasper.servlet.TldScanner.scanJars At least one JAR was scanned for TLDs yet contained no TLDs. Enable debug logging for this logger for a complete list of JARs that were scanned but no TLDs were found in them. Skipping unneeded JARs during scanning can improve startup time and JSP compilation time.
02-Oct-2026 02:04:25.196 INFO [main] org.apache.catalina.startup.HostConfig.deployDescriptor Deployment of deployment descriptor [D:\SpringAOP&MVC&Boot\MVC\mvcAnnottation\conf\Catalina\localhost\mvcAnnottation.xml] has finished in [9,261] ms
02-Oct-2026 02:04:25.203 INFO [main] org.apache.coyote.AbstractProtocol.start Starting ProtocolHandler ["http-nio-8080"]
02-Oct-2026 02:04:25.262 INFO [main] org.apache.catalina.startup.Catalina.start Server startup in [9448] milliseconds
02-Oct-2026 02:09:23.288 INFO [Thread-1] org.apache.coyote.AbstractProtocol.pause Pausing ProtocolHandler ["http-nio-8080"]
02-Oct-2026 02:09:23.460 INFO [Thread-1] org.apache.catalina.core.StandardService.stopInternal Stopping service [Catalina]
02-Oct-2026 02:09:23.549 INFO [Thread-1] org.apache.coyote.AbstractProtocol.stop Stopping ProtocolHandler ["http-nio-8080"]
02-Oct-2026 02:09:23.559 INFO [Thread-1] org.apache.coyote.AbstractProtocol.destroy Destroying ProtocolHandler ["http-nio-8080"]
02-Oct-2026 02:15:39.702 INFO [main] org.apache.catalina.startup.VersionLoggerListener.log Server version name:   Apache Tomcat/10.1.59
02-Oct-2026 02:15:39.711 INFO [main] org.apache.catalina.startup.VersionLoggerListener.log Server built:          Aug 13 2026 16:59:10 UTC
02-Oct-2026 02:15:39.711 INFO [main] org.apache.catalina.startup.VersionLoggerListener.log Server version number: 10.1.59.0
02-Oct-2026 02:15:39.712 INFO [main] org.apache.catalina.startup.VersionLoggerListener.log OS Name:               Windows 10
02-Oct-2026 02:15:39.712 INFO [main] org.apache.catalina.startup.VersionLoggerListener.log OS Version:            10.0
02-Oct-2026 02:15:39.712 INFO [main] org.apache.catalina.startup.VersionLoggerListener.log Architecture:          amd64
02-Oct-2026 02:15:39.712 INFO [main] org.apache.catalina.startup.VersionLoggerListener.log Java Home:             C:\Program Files\Java\jdk-17
02-Oct-2026 02:15:39.712 INFO [main] org.apache.catalina.startup.VersionLoggerListener.log JVM Version:           17.0.16+12-LTS-247
02-Oct-2026 02:15:39.713 INFO [main] org.apache.catalina.startup.VersionLoggerListener.log JVM Vendor:            Oracle Corporation
02-Oct-2026 02:15:39.713 INFO [main] org.apache.catalina.startup.VersionLoggerListener.log CATALINA_BASE:         D:\SpringAOP&MVC&Boot\MVC\mvcAnnottation
02-Oct-2026 02:15:39.713 INFO [main] org.apache.catalina.startup.VersionLoggerListener.log CATALINA_HOME:         C:\Users\gamaleldeen\OneDrive\Documents\apache-tomcat-10.1.59
02-Oct-2026 02:15:39.728 INFO [main] org.apache.catalina.startup.VersionLoggerListener.log Command line argument: --add-opens=java.base/java.lang=ALL-UNNAMED
02-Oct-2026 02:15:39.728 INFO [main] org.apache.catalina.startup.VersionLoggerListener.log Command line argument: --add-opens=java.base/java.io=ALL-UNNAMED
02-Oct-2026 02:15:39.728 INFO [main] org.apache.catalina.startup.VersionLoggerListener.log Command line argument: --add-opens=java.base/java.util=ALL-UNNAMED
02-Oct-2026 02:15:39.728 INFO [main] org.apache.catalina.startup.VersionLoggerListener.log Command line argument: --add-opens=java.base/java.util.concurrent=ALL-UNNAMED
02-Oct-2026 02:15:39.728 INFO [main] org.apache.catalina.startup.VersionLoggerListener.log Command line argument: --add-opens=java.rmi/sun.rmi.transport=ALL-UNNAMED
02-Oct-2026 02:15:39.728 INFO [main] org.apache.catalina.startup.VersionLoggerListener.log Command line argument: -Dcatalina.home=C:\Users\gamaleldeen\OneDrive\Documents\apache-tomcat-10.1.59
02-Oct-2026 02:15:39.729 INFO [main] org.apache.catalina.startup.VersionLoggerListener.log Command line argument: -Dcatalina.base=D:\SpringAOP&MVC&Boot\MVC\mvcAnnottation
02-Oct-2026 02:15:39.729 INFO [main] org.apache.catalina.startup.VersionLoggerListener.log Command line argument: -Djava.io.tmpdir=D:\SpringAOP&MVC&Boot\MVC\mvcAnnottation\temp
02-Oct-2026 02:15:39.729 INFO [main] org.apache.catalina.startup.VersionLoggerListener.log Command line argument: -Djava.util.logging.config.file=D:\SpringAOP&MVC&Boot\MVC\mvcAnnottation\conf\logging.properties
02-Oct-2026 02:15:39.729 INFO [main] org.apache.catalina.startup.VersionLoggerListener.log Command line argument: -Djava.util.logging.manager=org.apache.juli.ClassLoaderLogManager
02-Oct-2026 02:15:39.729 INFO [main] org.apache.catalina.startup.VersionLoggerListener.log Command line argument: -javaagent:C:\Program Files\JetBrains\IntelliJ IDEA Community Edition 2025.1.3\lib\idea_rt.jar=11745
02-Oct-2026 02:15:39.729 INFO [main] org.apache.catalina.startup.VersionLoggerListener.log Command line argument: -Dfile.encoding=UTF-8
02-Oct-2026 02:15:39.743 INFO [main] org.apache.catalina.core.AprLifecycleListener.lifecycleEvent Loaded Apache Tomcat Native library [2.0.15] using APR version [1.7.6].
02-Oct-2026 02:15:39.787 INFO [main] org.apache.catalina.core.AprLifecycleListener.initializeSSL OpenSSL successfully initialized [OpenSSL 3.5.7 9 Jun 2026]
02-Oct-2026 02:15:40.280 INFO [main] org.apache.coyote.AbstractProtocol.init Initializing ProtocolHandler ["http-nio-8080"]
02-Oct-2026 02:15:40.318 INFO [main] org.apache.catalina.startup.Catalina.load Server initialization in [1007] milliseconds
02-Oct-2026 02:15:40.416 INFO [main] org.apache.catalina.core.StandardService.startInternal Starting service [Catalina]
02-Oct-2026 02:15:40.418 INFO [main] org.apache.catalina.core.StandardEngine.startInternal Starting Servlet engine: [Apache Tomcat/10.1.59]
02-Oct-2026 02:15:40.447 INFO [main] org.apache.catalina.startup.HostConfig.deployDescriptor Deploying deployment descriptor [D:\SpringAOP&MVC&Boot\MVC\mvcAnnottation\conf\Catalina\localhost\mvcAnnottation.xml]
02-Oct-2026 02:15:44.827 INFO [main] org.apache.jasper.servlet.TldScanner.scanJars At least one JAR was scanned for TLDs yet contained no TLDs. Enable debug logging for this logger for a complete list of JARs that were scanned but no TLDs were found in them. Skipping unneeded JARs during scanning can improve startup time and JSP compilation time.
02-Oct-2026 02:15:48.692 INFO [main] org.apache.catalina.startup.HostConfig.deployDescriptor Deployment of deployment descriptor [D:\SpringAOP&MVC&Boot\MVC\mvcAnnottation\conf\Catalina\localhost\mvcAnnottation.xml] has finished in [8,244] ms
02-Oct-2026 02:15:48.703 INFO [main] org.apache.coyote.AbstractProtocol.start Starting ProtocolHandler ["http-nio-8080"]
02-Oct-2026 02:15:48.760 INFO [main] org.apache.catalina.startup.Catalina.start Server startup in [8441] milliseconds
02-Oct-2026 02:16:05.020 INFO [Thread-1] org.apache.coyote.AbstractProtocol.pause Pausing ProtocolHandler ["http-nio-8080"]
02-Oct-2026 02:16:05.207 INFO [Thread-1] org.apache.catalina.core.StandardService.stopInternal Stopping service [Catalina]
02-Oct-2026 02:16:05.256 INFO [Thread-1] org.apache.coyote.AbstractProtocol.stop Stopping ProtocolHandler ["http-nio-8080"]
02-Oct-2026 02:16:05.270 INFO [Thread-1] org.apache.coyote.AbstractProtocol.destroy Destroying ProtocolHandler ["http-nio-8080"]
02-Oct-2026 02:17:31.282 INFO [main] org.apache.catalina.startup.VersionLoggerListener.log Server version name:   Apache Tomcat/10.1.59
02-Oct-2026 02:17:31.290 INFO [main] org.apache.catalina.startup.VersionLoggerListener.log Server built:          Aug 13 2026 16:59:10 UTC
02-Oct-2026 02:17:31.291 INFO [main] org.apache.catalina.startup.VersionLoggerListener.log Server version number: 10.1.59.0
02-Oct-2026 02:17:31.292 INFO [main] org.apache.catalina.startup.VersionLoggerListener.log OS Name:               Windows 10
02-Oct-2026 02:17:31.292 INFO [main] org.apache.catalina.startup.VersionLoggerListener.log OS Version:            10.0
02-Oct-2026 02:17:31.292 INFO [main] org.apache.catalina.startup.VersionLoggerListener.log Architecture:          amd64
02-Oct-2026 02:17:31.292 INFO [main] org.apache.catalina.startup.VersionLoggerListener.log Java Home:             C:\Program Files\Java\jdk-17
02-Oct-2026 02:17:31.292 INFO [main] org.apache.catalina.startup.VersionLoggerListener.log JVM Version:           17.0.16+12-LTS-247
02-Oct-2026 02:17:31.293 INFO [main] org.apache.catalina.startup.VersionLoggerListener.log JVM Vendor:            Oracle Corporation
02-Oct-2026 02:17:31.293 INFO [main] org.apache.catalina.startup.VersionLoggerListener.log CATALINA_BASE:         D:\SpringAOP&MVC&Boot\MVC\mvcAnnottation
02-Oct-2026 02:17:31.293 INFO [main] org.apache.catalina.startup.VersionLoggerListener.log CATALINA_HOME:         C:\Users\gamaleldeen\OneDrive\Documents\apache-tomcat-10.1.59
02-Oct-2026 02:17:31.306 INFO [main] org.apache.catalina.startup.VersionLoggerListener.log Command line argument: --add-opens=java.base/java.lang=ALL-UNNAMED
02-Oct-2026 02:17:31.306 INFO [main] org.apache.catalina.startup.VersionLoggerListener.log Command line argument: --add-opens=java.base/java.io=ALL-UNNAMED
02-Oct-2026 02:17:31.306 INFO [main] org.apache.catalina.startup.VersionLoggerListener.log Command line argument: --add-opens=java.base/java.util=ALL-UNNAMED
02-Oct-2026 02:17:31.306 INFO [main] org.apache.catalina.startup.VersionLoggerListener.log Command line argument: --add-opens=java.base/java.util.concurrent=ALL-UNNAMED
02-Oct-2026 02:17:31.307 INFO [main] org.apache.catalina.startup.VersionLoggerListener.log Command line argument: --add-opens=java.rmi/sun.rmi.transport=ALL-UNNAMED
02-Oct-2026 02:17:31.307 INFO [main] org.apache.catalina.startup.VersionLoggerListener.log Command line argument: -Dcatalina.home=C:\Users\gamaleldeen\OneDrive\Documents\apache-tomcat-10.1.59
02-Oct-2026 02:17:31.308 INFO [main] org.apache.catalina.startup.VersionLoggerListener.log Command line argument: -Dcatalina.base=D:\SpringAOP&MVC&Boot\MVC\mvcAnnottation
02-Oct-2026 02:17:31.308 INFO [main] org.apache.catalina.startup.VersionLoggerListener.log Command line argument: -Djava.io.tmpdir=D:\SpringAOP&MVC&Boot\MVC\mvcAnnottation\temp
02-Oct-2026 02:17:31.309 INFO [main] org.apache.catalina.startup.VersionLoggerListener.log Command line argument: -Djava.util.logging.config.file=D:\SpringAOP&MVC&Boot\MVC\mvcAnnottation\conf\logging.properties
02-Oct-2026 02:17:31.309 INFO [main] org.apache.catalina.startup.VersionLoggerListener.log Command line argument: -Djava.util.logging.manager=org.apache.juli.ClassLoaderLogManager
02-Oct-2026 02:17:31.309 INFO [main] org.apache.catalina.startup.VersionLoggerListener.log Command line argument: -javaagent:C:\Program Files\JetBrains\IntelliJ IDEA Community Edition 2025.1.3\lib\idea_rt.jar=11761
02-Oct-2026 02:17:31.309 INFO [main] org.apache.catalina.startup.VersionLoggerListener.log Command line argument: -Dfile.encoding=UTF-8
02-Oct-2026 02:17:31.314 INFO [main] org.apache.catalina.core.AprLifecycleListener.lifecycleEvent Loaded Apache Tomcat Native library [2.0.15] using APR version [1.7.6].
02-Oct-2026 02:17:31.322 INFO [main] org.apache.catalina.core.AprLifecycleListener.initializeSSL OpenSSL successfully initialized [OpenSSL 3.5.7 9 Jun 2026]
02-Oct-2026 02:17:31.716 INFO [main] org.apache.coyote.AbstractProtocol.init Initializing ProtocolHandler ["http-nio-8080"]
02-Oct-2026 02:17:31.744 INFO [main] org.apache.catalina.startup.Catalina.load Server initialization in [834] milliseconds
02-Oct-2026 02:17:31.810 INFO [main] org.apache.catalina.core.StandardService.startInternal Starting service [Catalina]
02-Oct-2026 02:17:31.811 INFO [main] org.apache.catalina.core.StandardEngine.startInternal Starting Servlet engine: [Apache Tomcat/10.1.59]
02-Oct-2026 02:17:31.830 INFO [main] org.apache.catalina.startup.HostConfig.deployDescriptor Deploying deployment descriptor [D:\SpringAOP&MVC&Boot\MVC\mvcAnnottation\conf\Catalina\localhost\mvcAnnottation.xml]
02-Oct-2026 02:17:37.240 INFO [main] org.apache.jasper.servlet.TldScanner.scanJars At least one JAR was scanned for TLDs yet contained no TLDs. Enable debug logging for this logger for a complete list of JARs that were scanned but no TLDs were found in them. Skipping unneeded JARs during scanning can improve startup time and JSP compilation time.
02-Oct-2026 02:17:41.378 INFO [main] org.apache.catalina.startup.HostConfig.deployDescriptor Deployment of deployment descriptor [D:\SpringAOP&MVC&Boot\MVC\mvcAnnottation\conf\Catalina\localhost\mvcAnnottation.xml] has finished in [9,544] ms
02-Oct-2026 02:17:41.386 INFO [main] org.apache.coyote.AbstractProtocol.start Starting ProtocolHandler ["http-nio-8080"]
02-Oct-2026 02:17:41.427 INFO [main] org.apache.catalina.startup.Catalina.start Server startup in [9682] milliseconds
02-Oct-2026 02:18:12.425 INFO [Thread-1] org.apache.coyote.AbstractProtocol.pause Pausing ProtocolHandler ["http-nio-8080"]
02-Oct-2026 02:18:12.632 INFO [Thread-1] org.apache.catalina.core.StandardService.stopInternal Stopping service [Catalina]
02-Oct-2026 02:18:12.677 INFO [Thread-1] org.apache.coyote.AbstractProtocol.stop Stopping ProtocolHandler ["http-nio-8080"]
02-Oct-2026 02:18:12.687 INFO [Thread-1] org.apache.coyote.AbstractProtocol.destroy Destroying ProtocolHandler ["http-nio-8080"]
02-Oct-2026 11:41:09.546 INFO [main] org.apache.catalina.startup.VersionLoggerListener.log Server version name:   Apache Tomcat/10.1.59
02-Oct-2026 11:41:09.555 INFO [main] org.apache.catalina.startup.VersionLoggerListener.log Server built:          Aug 13 2026 16:59:10 UTC
02-Oct-2026 11:41:09.555 INFO [main] org.apache.catalina.startup.VersionLoggerListener.log Server version number: 10.1.59.0
02-Oct-2026 11:41:09.555 INFO [main] org.apache.catalina.startup.VersionLoggerListener.log OS Name:               Windows 10
02-Oct-2026 11:41:09.555 INFO [main] org.apache.catalina.startup.VersionLoggerListener.log OS Version:            10.0
02-Oct-2026 11:41:09.555 INFO [main] org.apache.catalina.startup.VersionLoggerListener.log Architecture:          amd64
02-Oct-2026 11:41:09.556 INFO [main] org.apache.catalina.startup.VersionLoggerListener.log Java Home:             C:\Program Files\Java\jdk-17
02-Oct-2026 11:41:09.556 INFO [main] org.apache.catalina.startup.VersionLoggerListener.log JVM Version:           17.0.16+12-LTS-247
02-Oct-2026 11:41:09.556 INFO [main] org.apache.catalina.startup.VersionLoggerListener.log JVM Vendor:            Oracle Corporation
02-Oct-2026 11:41:09.556 INFO [main] org.apache.catalina.startup.VersionLoggerListener.log CATALINA_BASE:         D:\SpringAOP_MVC_Boot\MVC\mvcAnnottation
02-Oct-2026 11:41:09.556 INFO [main] org.apache.catalina.startup.VersionLoggerListener.log CATALINA_HOME:         C:\Users\gamaleldeen\OneDrive\Documents\apache-tomcat-10.1.59
02-Oct-2026 11:41:09.572 INFO [main] org.apache.catalina.startup.VersionLoggerListener.log Command line argument: --add-opens=java.base/java.lang=ALL-UNNAMED
02-Oct-2026 11:41:09.573 INFO [main] org.apache.catalina.startup.VersionLoggerListener.log Command line argument: --add-opens=java.base/java.io=ALL-UNNAMED
02-Oct-2026 11:41:09.573 INFO [main] org.apache.catalina.startup.VersionLoggerListener.log Command line argument: --add-opens=java.base/java.util=ALL-UNNAMED
02-Oct-2026 11:41:09.573 INFO [main] org.apache.catalina.startup.VersionLoggerListener.log Command line argument: --add-opens=java.base/java.util.concurrent=ALL-UNNAMED
02-Oct-2026 11:41:09.574 INFO [main] org.apache.catalina.startup.VersionLoggerListener.log Command line argument: --add-opens=java.rmi/sun.rmi.transport=ALL-UNNAMED
02-Oct-2026 11:41:09.574 INFO [main] org.apache.catalina.startup.VersionLoggerListener.log Command line argument: -Dcatalina.home=C:\Users\gamaleldeen\OneDrive\Documents\apache-tomcat-10.1.59
02-Oct-2026 11:41:09.574 INFO [main] org.apache.catalina.startup.VersionLoggerListener.log Command line argument: -Dcatalina.base=D:\SpringAOP_MVC_Boot\MVC\mvcAnnottation
02-Oct-2026 11:41:09.574 INFO [main] org.apache.catalina.startup.VersionLoggerListener.log Command line argument: -Djava.io.tmpdir=D:\SpringAOP_MVC_Boot\MVC\mvcAnnottation\temp
02-Oct-2026 11:41:09.574 INFO [main] org.apache.catalina.startup.VersionLoggerListener.log Command line argument: -Djava.util.logging.config.file=D:\SpringAOP_MVC_Boot\MVC\mvcAnnottation\conf\logging.properties
02-Oct-2026 11:41:09.575 INFO [main] org.apache.catalina.startup.VersionLoggerListener.log Command line argument: -Djava.util.logging.manager=org.apache.juli.ClassLoaderLogManager
02-Oct-2026 11:41:09.575 INFO [main] org.apache.catalina.startup.VersionLoggerListener.log Command line argument: -javaagent:C:\Program Files\JetBrains\IntelliJ IDEA Community Edition 2025.1.3\lib\idea_rt.jar=12402
02-Oct-2026 11:41:09.575 INFO [main] org.apache.catalina.startup.VersionLoggerListener.log Command line argument: -Dfile.encoding=UTF-8
02-Oct-2026 11:41:09.579 INFO [main] org.apache.catalina.core.AprLifecycleListener.lifecycleEvent Loaded Apache Tomcat Native library [2.0.15] using APR version [1.7.6].
02-Oct-2026 11:41:09.586 INFO [main] org.apache.catalina.core.AprLifecycleListener.initializeSSL OpenSSL successfully initialized [OpenSSL 3.5.7 9 Jun 2026]
02-Oct-2026 11:41:10.022 INFO [main] org.apache.coyote.AbstractProtocol.init Initializing ProtocolHandler ["http-nio-8080"]
02-Oct-2026 11:41:10.037 SEVERE [main] org.apache.catalina.util.LifecycleBase.handleSubClassException Failed to initialize component [Connector["http-nio-8080"]]
	org.apache.catalina.LifecycleException: Protocol handler initialization failed
		at org.apache.catalina.connector.Connector.initInternal(Connector.java:1285)
		at org.apache.catalina.util.LifecycleBase.init(LifecycleBase.java:128)
		at org.apache.catalina.core.StandardService.initInternal(StandardService.java:543)
		at org.apache.catalina.util.LifecycleBase.init(LifecycleBase.java:128)
		at org.apache.catalina.core.StandardServer.initInternal(StandardServer.java:962)
		at org.apache.catalina.util.LifecycleBase.init(LifecycleBase.java:128)
		at org.apache.catalina.startup.Catalina.load(Catalina.java:834)
		at org.apache.catalina.startup.Catalina.load(Catalina.java:859)
		at java.base/jdk.internal.reflect.NativeMethodAccessorImpl.invoke0(Native Method)
		at java.base/jdk.internal.reflect.NativeMethodAccessorImpl.invoke(NativeMethodAccessorImpl.java:77)
		at java.base/jdk.internal.reflect.DelegatingMethodAccessorImpl.invoke(DelegatingMethodAccessorImpl.java:43)
		at java.base/java.lang.reflect.Method.invoke(Method.java:568)
		at org.apache.catalina.startup.Bootstrap.load(Bootstrap.java:305)
		at org.apache.catalina.startup.Bootstrap.main(Bootstrap.java:484)
	Caused by: java.net.BindException: Address already in use: bind
		at java.base/sun.nio.ch.Net.bind0(Native Method)
		at java.base/sun.nio.ch.Net.bind(Net.java:555)
		at java.base/sun.nio.ch.ServerSocketChannelImpl.netBind(ServerSocketChannelImpl.java:337)
		at java.base/sun.nio.ch.ServerSocketChannelImpl.bind(ServerSocketChannelImpl.java:294)
		at org.apache.tomcat.util.net.NioEndpoint.initServerSocket(NioEndpoint.java:493)
		at org.apache.tomcat.util.net.NioEndpoint.bind(NioEndpoint.java:377)
		at org.apache.tomcat.util.net.AbstractEndpoint.bindWithCleanup(AbstractEndpoint.java:1921)
		at org.apache.tomcat.util.net.AbstractEndpoint.init(AbstractEndpoint.java:1939)
		at org.apache.coyote.AbstractProtocol.init(AbstractProtocol.java:958)
		at org.apache.coyote.http11.AbstractHttp11Protocol.init(AbstractHttp11Protocol.java:95)
		at org.apache.catalina.connector.Connector.initInternal(Connector.java:1283)
		... 13 more
02-Oct-2026 11:41:10.039 INFO [main] org.apache.catalina.startup.Catalina.load Server initialization in [796] milliseconds
02-Oct-2026 11:41:10.112 INFO [main] org.apache.catalina.core.StandardService.startInternal Starting service [Catalina]
02-Oct-2026 11:41:10.112 INFO [main] org.apache.catalina.core.StandardEngine.startInternal Starting Servlet engine: [Apache Tomcat/10.1.59]
02-Oct-2026 11:41:10.131 INFO [main] org.apache.catalina.startup.HostConfig.deployDescriptor Deploying deployment descriptor [D:\SpringAOP_MVC_Boot\MVC\mvcAnnottation\conf\Catalina\localhost\mvcAnnottation.xml]
02-Oct-2026 11:41:14.452 INFO [main] org.apache.jasper.servlet.TldScanner.scanJars At least one JAR was scanned for TLDs yet contained no TLDs. Enable debug logging for this logger for a complete list of JARs that were scanned but no TLDs were found in them. Skipping unneeded JARs during scanning can improve startup time and JSP compilation time.
02-Oct-2026 11:41:19.870 INFO [main] org.apache.catalina.startup.HostConfig.deployDescriptor Deployment of deployment descriptor [D:\SpringAOP_MVC_Boot\MVC\mvcAnnottation\conf\Catalina\localhost\mvcAnnottation.xml] has finished in [9,733] ms
02-Oct-2026 11:41:19.878 INFO [main] org.apache.catalina.startup.Catalina.start Server startup in [9839] milliseconds
02-Oct-2026 11:41:19.888 SEVERE [main] org.apache.catalina.core.StandardServer.await Failed to create server shutdown socket on address [localhost] and port [8005] (base port [8005] and offset [0])
	java.net.BindException: Address already in use: bind
		at java.base/sun.nio.ch.Net.bind0(Native Method)
		at java.base/sun.nio.ch.Net.bind(Net.java:555)
		at java.base/sun.nio.ch.Net.bind(Net.java:544)
		at java.base/sun.nio.ch.NioSocketImpl.bind(NioSocketImpl.java:648)
		at java.base/java.net.ServerSocket.bind(ServerSocket.java:388)
		at java.base/java.net.ServerSocket.<init>(ServerSocket.java:274)
		at org.apache.catalina.core.StandardServer.await(StandardServer.java:536)
		at org.apache.catalina.startup.Catalina.await(Catalina.java:975)
		at org.apache.catalina.startup.Catalina.start(Catalina.java:923)
		at java.base/jdk.internal.reflect.NativeMethodAccessorImpl.invoke0(Native Method)
		at java.base/jdk.internal.reflect.NativeMethodAccessorImpl.invoke(NativeMethodAccessorImpl.java:77)
		at java.base/jdk.internal.reflect.DelegatingMethodAccessorImpl.invoke(DelegatingMethodAccessorImpl.java:43)
		at java.base/java.lang.reflect.Method.invoke(Method.java:568)
		at org.apache.catalina.startup.Bootstrap.start(Bootstrap.java:348)
		at org.apache.catalina.startup.Bootstrap.main(Bootstrap.java:485)
02-Oct-2026 11:41:19.890 INFO [main] org.apache.coyote.AbstractProtocol.pause Pausing ProtocolHandler ["http-nio-8080"]
02-Oct-2026 11:41:19.891 INFO [main] org.apache.catalina.core.StandardService.stopInternal Stopping service [Catalina]
02-Oct-2026 11:41:19.921 INFO [main] org.apache.coyote.AbstractProtocol.stop Stopping ProtocolHandler ["http-nio-8080"]
02-Oct-2026 11:41:19.922 INFO [main] org.apache.coyote.AbstractProtocol.destroy Destroying ProtocolHandler ["http-nio-8080"]
02-Oct-2026 11:51:26.693 INFO [main] org.apache.catalina.startup.VersionLoggerListener.log Server version name:   Apache Tomcat/10.1.59
02-Oct-2026 11:51:26.704 INFO [main] org.apache.catalina.startup.VersionLoggerListener.log Server built:          Aug 13 2026 16:59:10 UTC
02-Oct-2026 11:51:26.704 INFO [main] org.apache.catalina.startup.VersionLoggerListener.log Server version number: 10.1.59.0
02-Oct-2026 11:51:26.707 INFO [main] org.apache.catalina.startup.VersionLoggerListener.log OS Name:               Windows 10
02-Oct-2026 11:51:26.707 INFO [main] org.apache.catalina.startup.VersionLoggerListener.log OS Version:            10.0
02-Oct-2026 11:51:26.707 INFO [main] org.apache.catalina.startup.VersionLoggerListener.log Architecture:          amd64
02-Oct-2026 11:51:26.708 INFO [main] org.apache.catalina.startup.VersionLoggerListener.log Java Home:             C:\Program Files\Java\jdk-17
02-Oct-2026 11:51:26.708 INFO [main] org.apache.catalina.startup.VersionLoggerListener.log JVM Version:           17.0.16+12-LTS-247
02-Oct-2026 11:51:26.709 INFO [main] org.apache.catalina.startup.VersionLoggerListener.log JVM Vendor:            Oracle Corporation
02-Oct-2026 11:51:26.719 INFO [main] org.apache.catalina.startup.VersionLoggerListener.log CATALINA_BASE:         D:\SpringAOP_MVC_Boot\MVC\mvcAnnottation
02-Oct-2026 11:51:26.720 INFO [main] org.apache.catalina.startup.VersionLoggerListener.log CATALINA_HOME:         C:\Users\gamaleldeen\OneDrive\Documents\apache-tomcat-10.1.59
02-Oct-2026 11:51:26.727 INFO [main] org.apache.catalina.startup.VersionLoggerListener.log Command line argument: --add-opens=java.base/java.lang=ALL-UNNAMED
02-Oct-2026 11:51:26.727 INFO [main] org.apache.catalina.startup.VersionLoggerListener.log Command line argument: --add-opens=java.base/java.io=ALL-UNNAMED
02-Oct-2026 11:51:26.728 INFO [main] org.apache.catalina.startup.VersionLoggerListener.log Command line argument: --add-opens=java.base/java.util=ALL-UNNAMED
02-Oct-2026 11:51:26.728 INFO [main] org.apache.catalina.startup.VersionLoggerListener.log Command line argument: --add-opens=java.base/java.util.concurrent=ALL-UNNAMED
02-Oct-2026 11:51:26.728 INFO [main] org.apache.catalina.startup.VersionLoggerListener.log Command line argument: --add-opens=java.rmi/sun.rmi.transport=ALL-UNNAMED
02-Oct-2026 11:51:26.728 INFO [main] org.apache.catalina.startup.VersionLoggerListener.log Command line argument: -Dcatalina.home=C:\Users\gamaleldeen\OneDrive\Documents\apache-tomcat-10.1.59
02-Oct-2026 11:51:26.728 INFO [main] org.apache.catalina.startup.VersionLoggerListener.log Command line argument: -Dcatalina.base=D:\SpringAOP_MVC_Boot\MVC\mvcAnnottation
02-Oct-2026 11:51:26.728 INFO [main] org.apache.catalina.startup.VersionLoggerListener.log Command line argument: -Djava.io.tmpdir=D:\SpringAOP_MVC_Boot\MVC\mvcAnnottation\temp
02-Oct-2026 11:51:26.729 INFO [main] org.apache.catalina.startup.VersionLoggerListener.log Command line argument: -Djava.util.logging.config.file=D:\SpringAOP_MVC_Boot\MVC\mvcAnnottation\conf\logging.properties
02-Oct-2026 11:51:26.729 INFO [main] org.apache.catalina.startup.VersionLoggerListener.log Command line argument: -Djava.util.logging.manager=org.apache.juli.ClassLoaderLogManager
02-Oct-2026 11:51:26.729 INFO [main] org.apache.catalina.startup.VersionLoggerListener.log Command line argument: -javaagent:C:\Program Files\JetBrains\IntelliJ IDEA Community Edition 2025.1.3\lib\idea_rt.jar=12509
02-Oct-2026 11:51:26.729 INFO [main] org.apache.catalina.startup.VersionLoggerListener.log Command line argument: -Dfile.encoding=UTF-8
02-Oct-2026 11:51:26.743 INFO [main] org.apache.catalina.core.AprLifecycleListener.lifecycleEvent Loaded Apache Tomcat Native library [2.0.15] using APR version [1.7.6].
02-Oct-2026 11:51:26.785 INFO [main] org.apache.catalina.core.AprLifecycleListener.initializeSSL OpenSSL successfully initialized [OpenSSL 3.5.7 9 Jun 2026]
02-Oct-2026 11:51:27.283 INFO [main] org.apache.coyote.AbstractProtocol.init Initializing ProtocolHandler ["http-nio-8080"]
02-Oct-2026 11:51:27.333 INFO [main] org.apache.catalina.startup.Catalina.load Server initialization in [1061] milliseconds
02-Oct-2026 11:51:27.427 INFO [main] org.apache.catalina.core.StandardService.startInternal Starting service [Catalina]
02-Oct-2026 11:51:27.427 INFO [main] org.apache.catalina.core.StandardEngine.startInternal Starting Servlet engine: [Apache Tomcat/10.1.59]
02-Oct-2026 11:51:27.448 INFO [main] org.apache.catalina.startup.HostConfig.deployDescriptor Deploying deployment descriptor [D:\SpringAOP_MVC_Boot\MVC\mvcAnnottation\conf\Catalina\localhost\mvcAnnottation.xml]
02-Oct-2026 11:51:32.097 INFO [main] org.apache.jasper.servlet.TldScanner.scanJars At least one JAR was scanned for TLDs yet contained no TLDs. Enable debug logging for this logger for a complete list of JARs that were scanned but no TLDs were found in them. Skipping unneeded JARs during scanning can improve startup time and JSP compilation time.
02-Oct-2026 11:51:36.299 INFO [main] org.apache.catalina.startup.HostConfig.deployDescriptor Deployment of deployment descriptor [D:\SpringAOP_MVC_Boot\MVC\mvcAnnottation\conf\Catalina\localhost\mvcAnnottation.xml] has finished in [8,850] ms
02-Oct-2026 11:51:36.304 INFO [main] org.apache.coyote.AbstractProtocol.start Starting ProtocolHandler ["http-nio-8080"]
02-Oct-2026 11:51:36.383 INFO [main] org.apache.catalina.startup.Catalina.start Server startup in [9050] milliseconds
02-Oct-2026 11:53:37.075 INFO [Thread-1] org.apache.coyote.AbstractProtocol.pause Pausing ProtocolHandler ["http-nio-8080"]
02-Oct-2026 11:53:37.261 INFO [Thread-1] org.apache.catalina.core.StandardService.stopInternal Stopping service [Catalina]
02-Oct-2026 11:53:37.330 INFO [Thread-1] org.apache.coyote.AbstractProtocol.stop Stopping ProtocolHandler ["http-nio-8080"]
02-Oct-2026 11:53:37.343 INFO [Thread-1] org.apache.coyote.AbstractProtocol.destroy Destroying ProtocolHandler ["http-nio-8080"]
02-Oct-2026 11:53:43.404 INFO [main] org.apache.catalina.startup.VersionLoggerListener.log Server version name:   Apache Tomcat/10.1.59
02-Oct-2026 11:53:43.412 INFO [main] org.apache.catalina.startup.VersionLoggerListener.log Server built:          Aug 13 2026 16:59:10 UTC
02-Oct-2026 11:53:43.412 INFO [main] org.apache.catalina.startup.VersionLoggerListener.log Server version number: 10.1.59.0
02-Oct-2026 11:53:43.412 INFO [main] org.apache.catalina.startup.VersionLoggerListener.log OS Name:               Windows 10
02-Oct-2026 11:53:43.413 INFO [main] org.apache.catalina.startup.VersionLoggerListener.log OS Version:            10.0
02-Oct-2026 11:53:43.413 INFO [main] org.apache.catalina.startup.VersionLoggerListener.log Architecture:          amd64
02-Oct-2026 11:53:43.413 INFO [main] org.apache.catalina.startup.VersionLoggerListener.log Java Home:             C:\Program Files\Java\jdk-17
02-Oct-2026 11:53:43.413 INFO [main] org.apache.catalina.startup.VersionLoggerListener.log JVM Version:           17.0.16+12-LTS-247
02-Oct-2026 11:53:43.413 INFO [main] org.apache.catalina.startup.VersionLoggerListener.log JVM Vendor:            Oracle Corporation
02-Oct-2026 11:53:43.414 INFO [main] org.apache.catalina.startup.VersionLoggerListener.log CATALINA_BASE:         D:\SpringAOP_MVC_Boot\MVC\mvcAnnottation
02-Oct-2026 11:53:43.414 INFO [main] org.apache.catalina.startup.VersionLoggerListener.log CATALINA_HOME:         C:\Users\gamaleldeen\OneDrive\Documents\apache-tomcat-10.1.59
02-Oct-2026 11:53:43.425 INFO [main] org.apache.catalina.startup.VersionLoggerListener.log Command line argument: --add-opens=java.base/java.lang=ALL-UNNAMED
02-Oct-2026 11:53:43.425 INFO [main] org.apache.catalina.startup.VersionLoggerListener.log Command line argument: --add-opens=java.base/java.io=ALL-UNNAMED
02-Oct-2026 11:53:43.425 INFO [main] org.apache.catalina.startup.VersionLoggerListener.log Command line argument: --add-opens=java.base/java.util=ALL-UNNAMED
02-Oct-2026 11:53:43.426 INFO [main] org.apache.catalina.startup.VersionLoggerListener.log Command line argument: --add-opens=java.base/java.util.concurrent=ALL-UNNAMED
02-Oct-2026 11:53:43.426 INFO [main] org.apache.catalina.startup.VersionLoggerListener.log Command line argument: --add-opens=java.rmi/sun.rmi.transport=ALL-UNNAMED
02-Oct-2026 11:53:43.426 INFO [main] org.apache.catalina.startup.VersionLoggerListener.log Command line argument: -Dcatalina.home=C:\Users\gamaleldeen\OneDrive\Documents\apache-tomcat-10.1.59
02-Oct-2026 11:53:43.426 INFO [main] org.apache.catalina.startup.VersionLoggerListener.log Command line argument: -Dcatalina.base=D:\SpringAOP_MVC_Boot\MVC\mvcAnnottation
02-Oct-2026 11:53:43.426 INFO [main] org.apache.catalina.startup.VersionLoggerListener.log Command line argument: -Djava.io.tmpdir=D:\SpringAOP_MVC_Boot\MVC\mvcAnnottation\temp
02-Oct-2026 11:53:43.426 INFO [main] org.apache.catalina.startup.VersionLoggerListener.log Command line argument: -Djava.util.logging.config.file=D:\SpringAOP_MVC_Boot\MVC\mvcAnnottation\conf\logging.properties
02-Oct-2026 11:53:43.426 INFO [main] org.apache.catalina.startup.VersionLoggerListener.log Command line argument: -Djava.util.logging.manager=org.apache.juli.ClassLoaderLogManager
02-Oct-2026 11:53:43.427 INFO [main] org.apache.catalina.startup.VersionLoggerListener.log Command line argument: -javaagent:C:\Program Files\JetBrains\IntelliJ IDEA Community Edition 2025.1.3\lib\idea_rt.jar=12543
02-Oct-2026 11:53:43.427 INFO [main] org.apache.catalina.startup.VersionLoggerListener.log Command line argument: -Dfile.encoding=UTF-8
02-Oct-2026 11:53:43.432 INFO [main] org.apache.catalina.core.AprLifecycleListener.lifecycleEvent Loaded Apache Tomcat Native library [2.0.15] using APR version [1.7.6].
02-Oct-2026 11:53:43.441 INFO [main] org.apache.catalina.core.AprLifecycleListener.initializeSSL OpenSSL successfully initialized [OpenSSL 3.5.7 9 Jun 2026]
02-Oct-2026 11:53:43.972 INFO [main] org.apache.coyote.AbstractProtocol.init Initializing ProtocolHandler ["http-nio-8080"]
02-Oct-2026 11:53:44.016 INFO [main] org.apache.catalina.startup.Catalina.load Server initialization in [987] milliseconds
02-Oct-2026 11:53:44.099 INFO [main] org.apache.catalina.core.StandardService.startInternal Starting service [Catalina]
02-Oct-2026 11:53:44.099 INFO [main] org.apache.catalina.core.StandardEngine.startInternal Starting Servlet engine: [Apache Tomcat/10.1.59]
02-Oct-2026 11:53:44.123 INFO [main] org.apache.catalina.startup.HostConfig.deployDescriptor Deploying deployment descriptor [D:\SpringAOP_MVC_Boot\MVC\mvcAnnottation\conf\Catalina\localhost\mvcAnnottation.xml]
02-Oct-2026 11:53:48.378 INFO [main] org.apache.jasper.servlet.TldScanner.scanJars At least one JAR was scanned for TLDs yet contained no TLDs. Enable debug logging for this logger for a complete list of JARs that were scanned but no TLDs were found in them. Skipping unneeded JARs during scanning can improve startup time and JSP compilation time.
02-Oct-2026 11:53:52.243 INFO [main] org.apache.catalina.startup.HostConfig.deployDescriptor Deployment of deployment descriptor [D:\SpringAOP_MVC_Boot\MVC\mvcAnnottation\conf\Catalina\localhost\mvcAnnottation.xml] has finished in [8,119] ms
02-Oct-2026 11:53:52.253 INFO [main] org.apache.coyote.AbstractProtocol.start Starting ProtocolHandler ["http-nio-8080"]
02-Oct-2026 11:53:52.382 INFO [main] org.apache.catalina.startup.Catalina.start Server startup in [8363] milliseconds
02-Oct-2026 11:56:09.097 INFO [Thread-1] org.apache.coyote.AbstractProtocol.pause Pausing ProtocolHandler ["http-nio-8080"]
02-Oct-2026 11:56:09.268 INFO [Thread-1] org.apache.catalina.core.StandardService.stopInternal Stopping service [Catalina]
02-Oct-2026 11:56:09.333 INFO [Thread-1] org.apache.coyote.AbstractProtocol.stop Stopping ProtocolHandler ["http-nio-8080"]
02-Oct-2026 11:56:09.363 INFO [Thread-1] org.apache.coyote.AbstractProtocol.destroy Destroying ProtocolHandler ["http-nio-8080"]
